Units and locations in library 'E:\WorkFile-Lijh\Work\Plaform\Centralized\BHN02-BCU_C\lib\BHN02A_C_Main.lib'
Unit name        size     from       to
Sch_Cbk.c.o     13872      141    14013

EXPORTED OBJECTS
Actor_RelayInit             I   (Sch_Cbk.c.o)
Actor_RelayMain             I   (Sch_Cbk.c.o)
BalM_Init                   I   (Sch_Cbk.c.o)
BalM_MainCbk                I   (Sch_Cbk.c.o)
BalM_MainCountCbk           I   (Sch_Cbk.c.o)
BatSys_StInit               I   (Sch_Cbk.c.o)
Bat_CountCbk                I   (Sch_Cbk.c.o)
Bat_Main                    I   (Sch_Cbk.c.o)
Bat_StatusInit              I   (Sch_Cbk.c.o)
Bms_SysStInit               I   (Sch_Cbk.c.o)
CarCan_CountCbk             I   (Sch_Cbk.c.o)
CarCan_Init                 I   (Sch_Cbk.c.o)
CarCan_MainReceiveMsg       I   (Sch_Cbk.c.o)
CarCan_MainSendMsg          I   (Sch_Cbk.c.o)
CarCan_ProMain              I   (Sch_Cbk.c.o)
CellvDetDet_Init            I   (Sch_Cbk.c.o)
CellvDetDet_MainCountCbk    I   (Sch_Cbk.c.o)
CellvDet_MainCbk            I   (Sch_Cbk.c.o)
ChgCan_CountCbk             I   (Sch_Cbk.c.o)
ChgCan_Init                 I   (Sch_Cbk.c.o)
ChgCan_MainLoadData         I   (Sch_Cbk.c.o)
ChgCan_MainReceiveMsg       I   (Sch_Cbk.c.o)
ChgCan_MainSendMsg          I   (Sch_Cbk.c.o)
ChgInfo_Init                I   (Sch_Cbk.c.o)
ChgM_Init                   I   (Sch_Cbk.c.o)
ChgM_MainCbk                I   (Sch_Cbk.c.o)
ChgM_MainCountCbk           I   (Sch_Cbk.c.o)
ClockIf_Init                I   (Sch_Cbk.c.o)
CurDet_Count                I   (Sch_Cbk.c.o)
CurDet_Init                 I   (Sch_Cbk.c.o)
CurDet_Main                 I   (Sch_Cbk.c.o)
DataStore_Init              I   (Sch_Cbk.c.o)
DataStore_MainCbk           I   (Sch_Cbk.c.o)
DataStore_MainCountCbk      I   (Sch_Cbk.c.o)
EE_Init                     I   (Sch_Cbk.c.o)
EE_MainCbk                  I   (Sch_Cbk.c.o)
EE_MainCountCbk             I   (Sch_Cbk.c.o)
Err_Count                   I   (Sch_Cbk.c.o)
Err_Init                    I   (Sch_Cbk.c.o)
Err_Main                    I   (Sch_Cbk.c.o)
HvM_Init                    I   (Sch_Cbk.c.o)
HvM_MainCbk                 I   (Sch_Cbk.c.o)
HvM_MainCountCbk            I   (Sch_Cbk.c.o)
IntCan_CountCbk             I   (Sch_Cbk.c.o)
IntCan_GetTestModeSt        I   (Sch_Cbk.c.o)
IntCan_Init                 I   (Sch_Cbk.c.o)
IntCan_MainProcess          I   (Sch_Cbk.c.o)
IntCan_MainReceiveMsg       I   (Sch_Cbk.c.o)
IntRes_Init                 I   (Sch_Cbk.c.o)
IntRes_MainCbk              I   (Sch_Cbk.c.o)
IntRes_MainCountCbk         I   (Sch_Cbk.c.o)
IocIf_Init                  I   (Sch_Cbk.c.o)
IsoDet_Init                 I   (Sch_Cbk.c.o)
IsoDet_MainCbk              I   (Sch_Cbk.c.o)
IsoDet_MainCountCbk         I   (Sch_Cbk.c.o)
LvM_CountCbk                I   (Sch_Cbk.c.o)
LvM_Init                    I   (Sch_Cbk.c.o)
LvM_ProcMain                I   (Sch_Cbk.c.o)
Prj_MainCounterCbk          I   (Sch_Cbk.c.o)
Prj_MainProCbk              I   (Sch_Cbk.c.o)
Prj_PosMainInit             I   (Sch_Cbk.c.o)
Prj_PreMainInit             I   (Sch_Cbk.c.o)
RumMode_Init                I   (Sch_Cbk.c.o)
SOC_Init                    I   (Sch_Cbk.c.o)
SOC_MainCbk                 I   (Sch_Cbk.c.o)
SOC_MainCountCbk            I   (Sch_Cbk.c.o)
SOF_Init                    I   (Sch_Cbk.c.o)
SOF_MainCbk                 I   (Sch_Cbk.c.o)
SOF_MainCountCbk            I   (Sch_Cbk.c.o)
SOH_Init                    I   (Sch_Cbk.c.o)
SOH_MainCbk                 I   (Sch_Cbk.c.o)
SOH_MainCountCbk            I   (Sch_Cbk.c.o)
Sch_CounterCallback         F   (Sch_Cbk.c.o)
Sch_Init                    F   (Sch_Cbk.c.o)
Sch_MainCallback            F   (Sch_Cbk.c.o)
Sch_MainInit                F   (Sch_Cbk.c.o)
Sch_TimerCallback           F   (Sch_Cbk.c.o)
SumvDet_Init                I   (Sch_Cbk.c.o)
SumvDet_MainCbk             I   (Sch_Cbk.c.o)
SumvDet_MainCountCbk        I   (Sch_Cbk.c.o)
SupplyPowDet_CountCbk       I   (Sch_Cbk.c.o)
SupplyPowDet_Init           I   (Sch_Cbk.c.o)
SupplyPowDet_ProcMain       I   (Sch_Cbk.c.o)
SysConf_Init                I   (Sch_Cbk.c.o)
ThM_Init                    I   (Sch_Cbk.c.o)
ThM_MainCbk                 I   (Sch_Cbk.c.o)
ThM_MainCountCbk            I   (Sch_Cbk.c.o)
Timer_EnEvent               I   (Sch_Cbk.c.o)
Timer_Enable                I   (Sch_Cbk.c.o)
Wdgm_CountCbk               I   (Sch_Cbk.c.o)
Wdgm_Init                   I   (Sch_Cbk.c.o)
Wdgm_MainTrig               I   (Sch_Cbk.c.o)
Xgate_SetupAndStart         I   (Sch_Cbk.c.o)
