Units and locations in library 'E:\WorkFile-Lijh\Work\Plaform\Centralized\BHN02-BCU_C\lib\BHN02A_C_SysSt.lib'
Unit name                 size     from       to
BatteryStAllPack.c.o    125649      142   125791
BatteryStCalc.c.o        69241   125791   195032
BatteryStCell.c.o        18793   195032   213825
BatteryStPack.c.o        75777   213825   289602
BatterySysSt.c.o         51853   289602   341455
BmsSysSt.c.o             64562   341455   406017
ChargeSt.c.o             41821   406017   447838

EXPORTED OBJECTS
BatSys_GetAllPackFanRlySt                 F   (BatterySysSt.c.o)
BatSys_GetAllPackFanSpeed                 F   (BatterySysSt.c.o)
BatSys_GetAllPackFanSt                    F   (BatterySysSt.c.o)
BatSys_GetAllPackHeatRlySt                F   (BatterySysSt.c.o)
BatSys_GetAllPackHeaterSt                 F   (BatterySysSt.c.o)
BatSys_GetAuxASt                          F   (BatterySysSt.c.o)
BatSys_GetAuxBSt                          F   (BatterySysSt.c.o)
BatSys_GetCarPlateNum                     F   (BatterySysSt.c.o)
BatSys_GetCarVinNum                       F   (BatterySysSt.c.o)
BatSys_GetChgRlyLifeTime                  F   (BatterySysSt.c.o)
BatSys_GetChgRlySt                        F   (BatterySysSt.c.o)
BatSys_GetCollisionSwitchSt               F   (BatterySysSt.c.o)
BatSys_GetFanSpeed                        F   (BatterySysSt.c.o)
BatSys_GetFanSt                           F   (BatterySysSt.c.o)
BatSys_GetFaultDryContactSt               F   (BatterySysSt.c.o)
BatSys_GetHeaterSt                        F   (BatterySysSt.c.o)
BatSys_GetHumiditySensorSt                F   (BatterySysSt.c.o)
BatSys_GetHvilSt                          F   (BatterySysSt.c.o)
BatSys_GetIsoNegResistor                  F   (BatterySysSt.c.o)
BatSys_GetIsoPosResistor                  F   (BatterySysSt.c.o)
BatSys_GetIsoRank                         F   (BatterySysSt.c.o)
BatSys_GetIsoSt                           F   (BatterySysSt.c.o)
BatSys_GetLatchingMechanismSt             F   (BatterySysSt.c.o)
BatSys_GetLiquidLevelSensorSt             F   (BatterySysSt.c.o)
BatSys_GetMaintainSwitchSt                F   (BatterySysSt.c.o)
BatSys_GetManualMaintenanceSwitchSt       F   (BatterySysSt.c.o)
BatSys_GetNegRlyLifeTime                  F   (BatterySysSt.c.o)
BatSys_GetNegRlySt                        F   (BatterySysSt.c.o)
BatSys_GetOpenCircuitSt                   F   (BatterySysSt.c.o)
BatSys_GetPosRlyLifeTime                  F   (BatterySysSt.c.o)
BatSys_GetPosRlySt                        F   (BatterySysSt.c.o)
BatSys_GetPreChgTime                      F   (BatterySysSt.c.o)
BatSys_GetPreRlyLifeTime                  F   (BatterySysSt.c.o)
BatSys_GetPreRlySt                        F   (BatterySysSt.c.o)
BatSys_GetPressureSensorSt                F   (BatterySysSt.c.o)
BatSys_GetRunMode                         F   (BatterySysSt.c.o)
BatSys_GetSmokeDetectorSt                 F   (BatterySysSt.c.o)
BatSys_GetWorkSt                          F   (BatterySysSt.c.o)
BatSys_RlyAge                             O   (BatterySysSt.c.o)
BatSys_RlyLifeCalc                        F   (BatterySysSt.c.o)
BatSys_StInfo                             O   (BatterySysSt.c.o)
BatSys_StInit                             F   (BatterySysSt.c.o)
BatSys_UpdateAllPackFanRlySt              F   (BatterySysSt.c.o)
BatSys_UpdateAllPackFanSpeed              F   (BatterySysSt.c.o)
BatSys_UpdateAllPackFanSt                 F   (BatterySysSt.c.o)
BatSys_UpdateAllPackHeatRlySt             F   (BatterySysSt.c.o)
BatSys_UpdateAllPackHeaterSt              F   (BatterySysSt.c.o)
BatSys_UpdateAuxASt                       F   (BatterySysSt.c.o)
BatSys_UpdateAuxBSt                       F   (BatterySysSt.c.o)
BatSys_UpdateCarPlateNum                  F   (BatterySysSt.c.o)
BatSys_UpdateCarVinNum                    F   (BatterySysSt.c.o)
BatSys_UpdateChgRlyLifeTime               F   (BatterySysSt.c.o)
BatSys_UpdateChgRlySt                     F   (BatterySysSt.c.o)
BatSys_UpdateCollisionSwitchSt            F   (BatterySysSt.c.o)
BatSys_UpdateFanSpeed                     F   (BatterySysSt.c.o)
BatSys_UpdateFanSt                        F   (BatterySysSt.c.o)
BatSys_UpdateFaultDryContactSt            F   (BatterySysSt.c.o)
BatSys_UpdateHeaterSt                     F   (BatterySysSt.c.o)
BatSys_UpdateHumiditySensorSt             F   (BatterySysSt.c.o)
BatSys_UpdateHvilSt                       F   (BatterySysSt.c.o)
BatSys_UpdateIsoNegResistor               F   (BatterySysSt.c.o)
BatSys_UpdateIsoPosResistor               F   (BatterySysSt.c.o)
BatSys_UpdateIsoRank                      F   (BatterySysSt.c.o)
BatSys_UpdateIsoSt                        F   (BatterySysSt.c.o)
BatSys_UpdateLatchingMechanismSt          F   (BatterySysSt.c.o)
BatSys_UpdateLiquidLevelSensorSt          F   (BatterySysSt.c.o)
BatSys_UpdateMaintainSwitchSt             F   (BatterySysSt.c.o)
BatSys_UpdateManualMaintenanceSwitchSt    F   (BatterySysSt.c.o)
BatSys_UpdateNegRlyLifeTime               F   (BatterySysSt.c.o)
BatSys_UpdateNegRlySt                     F   (BatterySysSt.c.o)
BatSys_UpdateOpenCircuitSt                F   (BatterySysSt.c.o)
BatSys_UpdatePosRlyLifeTime               F   (BatterySysSt.c.o)
BatSys_UpdatePosRlySt                     F   (BatterySysSt.c.o)
BatSys_UpdatePreChgTime                   F   (BatterySysSt.c.o)
BatSys_UpdatePreRlyLifeTime               F   (BatterySysSt.c.o)
BatSys_UpdatePreRlySt                     F   (BatterySysSt.c.o)
BatSys_UpdatePressureSensorSt             F   (BatterySysSt.c.o)
BatSys_UpdateRunMode                      F   (BatterySysSt.c.o)
BatSys_UpdateSmokeDetectorSt              F   (BatterySysSt.c.o)
BatSys_UpdateWorkSt                       F   (BatterySysSt.c.o)
Bat_AllInfo                               O   (BatteryStAllPack.c.o)
Bat_AllInfo                               I   (BatteryStCalc.c.o)
Bat_AllInfo                               I   (BatteryStCell.c.o)
Bat_AllInfo                               I   (BatteryStPack.c.o)
Bat_AllPackInfo                           O   (BatteryStAllPack.c.o)
Bat_AllPackMaxMin                         O   (BatteryStAllPack.c.o)
Bat_CountCbk                              F   (BatteryStCalc.c.o)
Bat_CurDis                                O   (BatteryStCalc.c.o)
Bat_DataBuf                               O   (BatteryStCalc.c.o)
Bat_DataProcessInit                       I   (BatteryStAllPack.c.o)
Bat_DataProcessInit                       F   (BatteryStCalc.c.o)
Bat_DeltaTemperDis                        O   (BatteryStCalc.c.o)
Bat_ExternCellBasicBuf                    O   (BatteryStAllPack.c.o)
Bat_ExternCellStBuf                       O   (BatteryStAllPack.c.o)
Bat_ExternPackInfo                        O   (BatteryStAllPack.c.o)
Bat_ExternPackTemperBuf                   O   (BatteryStAllPack.c.o)
Bat_GetAccumulateChgAh                    F   (BatteryStAllPack.c.o)
Bat_GetAccumulateDchgAh                   F   (BatteryStAllPack.c.o)
Bat_GetActualCapacity                     F   (BatteryStAllPack.c.o)
Bat_GetActualCapacityCalc                 F   (BatteryStAllPack.c.o)
Bat_GetAllPackNo                          F   (BatteryStAllPack.c.o)
Bat_GetAppType                            F   (BatteryStAllPack.c.o)
Bat_GetAvgIntRes                          F   (BatteryStAllPack.c.o)
Bat_GetAvgT                               F   (BatteryStAllPack.c.o)
Bat_GetAvgT                               I   (BatteryStCalc.c.o)
Bat_GetAvgTDistribution                   F   (BatteryStAllPack.c.o)
Bat_GetAvgTDistribution                   I   (BatteryStCalc.c.o)
Bat_GetAvgV                               F   (BatteryStAllPack.c.o)
Bat_GetAvgV                               I   (BatteryStCalc.c.o)
Bat_GetBatDate                            F   (BatteryStAllPack.c.o)
Bat_GetBatNum                             F   (BatteryStAllPack.c.o)
Bat_GetBatNum                             I   (BatteryStCalc.c.o)
Bat_GetBatteryTemperRise                  F   (BatteryStAllPack.c.o)
Bat_GetBmuNum                             F   (BatteryStAllPack.c.o)
Bat_GetCellBalanceSt                      F   (BatteryStCell.c.o)
Bat_GetCellChgBalanceTimeTotal            F   (BatteryStCell.c.o)
Bat_GetCellDchBalanceTimeTotal            F   (BatteryStCell.c.o)
Bat_GetCellV                              I   (BatteryStCalc.c.o)
Bat_GetCellV                              F   (BatteryStCell.c.o)
Bat_GetChgFullTimes                       F   (BatteryStAllPack.c.o)
Bat_GetChgTimes                           F   (BatteryStAllPack.c.o)
Bat_GetChgTotalAh                         F   (BatteryStAllPack.c.o)
Bat_GetChipNum                            F   (BatteryStAllPack.c.o)
Bat_GetChipNum                            I   (BatteryStCalc.c.o)
Bat_GetCurDistribution                    F   (BatteryStAllPack.c.o)
Bat_GetCurDistribution                    I   (BatteryStCalc.c.o)
Bat_GetCurrent                            F   (BatteryStAllPack.c.o)
Bat_GetCurrent                            I   (BatteryStCalc.c.o)
Bat_GetDchEmptyTimes                      F   (BatteryStAllPack.c.o)
Bat_GetDchEmptyTimes                      I   (BatteryStCalc.c.o)
Bat_GetDchgEmptyTimes                     F   (BatteryStAllPack.c.o)
Bat_GetDchgTotalAh                        F   (BatteryStAllPack.c.o)
Bat_GetDeltaT                             F   (BatteryStAllPack.c.o)
Bat_GetDeltaT                             I   (BatteryStCalc.c.o)
Bat_GetDeltaV                             F   (BatteryStAllPack.c.o)
Bat_GetDeltaV                             I   (BatteryStCalc.c.o)
Bat_GetHisChgFullTimes                    F   (BatteryStAllPack.c.o)
Bat_GetHisChgFullTimes                    I   (BatteryStCalc.c.o)
Bat_GetHisChgTimes                        F   (BatteryStAllPack.c.o)
Bat_GetHisChgTimes                        I   (BatteryStCalc.c.o)
Bat_GetHisDeltaV                          F   (BatteryStAllPack.c.o)
Bat_GetHisDeltaV                          I   (BatteryStCalc.c.o)
Bat_GetHisMaxAvgT                         F   (BatteryStAllPack.c.o)
Bat_GetHisMaxAvgT                         I   (BatteryStCalc.c.o)
Bat_GetHisMaxAvgV                         F   (BatteryStAllPack.c.o)
Bat_GetHisMaxAvgV                         I   (BatteryStCalc.c.o)
Bat_GetHisMaxChgCur                       F   (BatteryStAllPack.c.o)
Bat_GetHisMaxChgCur                       I   (BatteryStCalc.c.o)
Bat_GetHisMaxChgPwr                       F   (BatteryStAllPack.c.o)
Bat_GetHisMaxChgPwr                       I   (BatteryStCalc.c.o)
Bat_GetHisMaxDchCur                       F   (BatteryStAllPack.c.o)
Bat_GetHisMaxDchCur                       I   (BatteryStCalc.c.o)
Bat_GetHisMaxDchPwr                       F   (BatteryStAllPack.c.o)
Bat_GetHisMaxDchPwr                       I   (BatteryStCalc.c.o)
Bat_GetHisMaxDeltaT                       F   (BatteryStAllPack.c.o)
Bat_GetHisMaxDeltaT                       I   (BatteryStCalc.c.o)
Bat_GetHisMaxR                            F   (BatteryStAllPack.c.o)
Bat_GetHisMaxR                            I   (BatteryStCalc.c.o)
Bat_GetHisMaxSumV                         F   (BatteryStAllPack.c.o)
Bat_GetHisMaxSumV                         I   (BatteryStCalc.c.o)
Bat_GetHisMaxT                            F   (BatteryStAllPack.c.o)
Bat_GetHisMaxT                            I   (BatteryStCalc.c.o)
Bat_GetHisMaxV                            F   (BatteryStAllPack.c.o)
Bat_GetHisMaxV                            I   (BatteryStCalc.c.o)
Bat_GetHisMinAvgT                         F   (BatteryStAllPack.c.o)
Bat_GetHisMinAvgT                         I   (BatteryStCalc.c.o)
Bat_GetHisMinAvgV                         F   (BatteryStAllPack.c.o)
Bat_GetHisMinAvgV                         I   (BatteryStCalc.c.o)
Bat_GetHisMinR                            F   (BatteryStAllPack.c.o)
Bat_GetHisMinR                            I   (BatteryStCalc.c.o)
Bat_GetHisMinSumV                         F   (BatteryStAllPack.c.o)
Bat_GetHisMinSumV                         I   (BatteryStCalc.c.o)
Bat_GetHisMinT                            F   (BatteryStAllPack.c.o)
Bat_GetHisMinT                            I   (BatteryStCalc.c.o)
Bat_GetHisMinV                            F   (BatteryStAllPack.c.o)
Bat_GetHisMinV                            I   (BatteryStCalc.c.o)
Bat_GetMainBalanceSt                      F   (BatteryStAllPack.c.o)
Bat_GetManufacturer                       F   (BatteryStAllPack.c.o)
Bat_GetMaterialType                       F   (BatteryStAllPack.c.o)
Bat_GetMaxDeltaTDistribution              F   (BatteryStAllPack.c.o)
Bat_GetMaxDeltaTDistribution              I   (BatteryStCalc.c.o)
Bat_GetMaxFeedBackCur                     F   (BatteryStAllPack.c.o)
Bat_GetMaxPermitDchCur                    F   (BatteryStAllPack.c.o)
Bat_GetMaxPermitDchPower                  F   (BatteryStAllPack.c.o)
Bat_GetMaxPermitFeedbackPower             F   (BatteryStAllPack.c.o)
Bat_GetMaxPulseDchCur                     F   (BatteryStAllPack.c.o)
Bat_GetMaxPulseDchPower                   F   (BatteryStAllPack.c.o)
Bat_GetMaxPulseFeedBackCur                F   (BatteryStAllPack.c.o)
Bat_GetMaxPulseFeedbackPower              F   (BatteryStAllPack.c.o)
Bat_GetMaxR                               F   (BatteryStAllPack.c.o)
Bat_GetMaxR                               I   (BatteryStCalc.c.o)
Bat_GetMaxRBmuNo                          F   (BatteryStAllPack.c.o)
Bat_GetMaxRSingleNo                       F   (BatteryStAllPack.c.o)
Bat_GetMaxRTotalNo                        F   (BatteryStAllPack.c.o)
Bat_GetMaxT                               F   (BatteryStAllPack.c.o)
Bat_GetMaxT                               I   (BatteryStCalc.c.o)
Bat_GetMaxTBmuNo                          F   (BatteryStAllPack.c.o)
Bat_GetMaxTDistribution                   F   (BatteryStAllPack.c.o)
Bat_GetMaxTDistribution                   I   (BatteryStCalc.c.o)
Bat_GetMaxTRiseRate                       F   (BatteryStAllPack.c.o)
Bat_GetMaxTSingleNo                       F   (BatteryStAllPack.c.o)
Bat_GetMaxTTotalNo                        F   (BatteryStAllPack.c.o)
Bat_GetMaxV                               F   (BatteryStAllPack.c.o)
Bat_GetMaxV                               I   (BatteryStCalc.c.o)
Bat_GetMaxVBmuNo                          F   (BatteryStAllPack.c.o)
Bat_GetMaxVSingleNo                       F   (BatteryStAllPack.c.o)
Bat_GetMaxVTotalNo                        F   (BatteryStAllPack.c.o)
Bat_GetMinR                               F   (BatteryStAllPack.c.o)
Bat_GetMinR                               I   (BatteryStCalc.c.o)
Bat_GetMinRBmuNo                          F   (BatteryStAllPack.c.o)
Bat_GetMinRSingleNo                       F   (BatteryStAllPack.c.o)
Bat_GetMinRTotalNo                        F   (BatteryStAllPack.c.o)
Bat_GetMinT                               F   (BatteryStAllPack.c.o)
Bat_GetMinT                               I   (BatteryStCalc.c.o)
Bat_GetMinTBmuNo                          F   (BatteryStAllPack.c.o)
Bat_GetMinTDistribution                   F   (BatteryStAllPack.c.o)
Bat_GetMinTDistribution                   I   (BatteryStCalc.c.o)
Bat_GetMinTSingleNo                       F   (BatteryStAllPack.c.o)
Bat_GetMinTTotalNo                        F   (BatteryStAllPack.c.o)
Bat_GetMinV                               F   (BatteryStAllPack.c.o)
Bat_GetMinV                               I   (BatteryStCalc.c.o)
Bat_GetMinVBmuNo                          F   (BatteryStAllPack.c.o)
Bat_GetMinVSingleNo                       F   (BatteryStAllPack.c.o)
Bat_GetMinVTotalNo                        F   (BatteryStAllPack.c.o)
Bat_GetPackAccumulateChgAh                F   (BatteryStPack.c.o)
Bat_GetPackAccumulateDchAh                F   (BatteryStPack.c.o)
Bat_GetPackActualCapacity                 F   (BatteryStPack.c.o)
Bat_GetPackAppType                        F   (BatteryStPack.c.o)
Bat_GetPackAvgIntRes                      F   (BatteryStPack.c.o)
Bat_GetPackAvgT                           F   (BatteryStPack.c.o)
Bat_GetPackAvgV                           F   (BatteryStPack.c.o)
Bat_GetPackBalSt                          F   (BatteryStPack.c.o)
Bat_GetPackBatDate                        F   (BatteryStPack.c.o)
Bat_GetPackBatNum                         F   (BatteryStPack.c.o)
Bat_GetPackCurrent                        F   (BatteryStPack.c.o)
Bat_GetPackDeltaT                         F   (BatteryStPack.c.o)
Bat_GetPackDeltaV                         F   (BatteryStPack.c.o)
Bat_GetPackManufacturer                   F   (BatteryStPack.c.o)
Bat_GetPackMaterialType                   F   (BatteryStPack.c.o)
Bat_GetPackMaxR                           F   (BatteryStPack.c.o)
Bat_GetPackMaxRNo                         F   (BatteryStPack.c.o)
Bat_GetPackMaxT                           F   (BatteryStPack.c.o)
Bat_GetPackMaxTNo                         I   (BatteryStCalc.c.o)
Bat_GetPackMaxTNo                         F   (BatteryStPack.c.o)
Bat_GetPackMaxV                           F   (BatteryStPack.c.o)
Bat_GetPackMaxVNo                         I   (BatteryStCalc.c.o)
Bat_GetPackMaxVNo                         F   (BatteryStPack.c.o)
Bat_GetPackMinR                           F   (BatteryStPack.c.o)
Bat_GetPackMinRNo                         F   (BatteryStPack.c.o)
Bat_GetPackMinT                           F   (BatteryStPack.c.o)
Bat_GetPackMinTNo                         I   (BatteryStCalc.c.o)
Bat_GetPackMinTNo                         F   (BatteryStPack.c.o)
Bat_GetPackMinV                           F   (BatteryStPack.c.o)
Bat_GetPackMinVNo                         I   (BatteryStCalc.c.o)
Bat_GetPackMinVNo                         F   (BatteryStPack.c.o)
Bat_GetPackNo                             F   (BatteryStPack.c.o)
Bat_GetPackParallelNum                    F   (BatteryStPack.c.o)
Bat_GetPackProperty                       F   (BatteryStPack.c.o)
Bat_GetPackRatedCapacity                  F   (BatteryStPack.c.o)
Bat_GetPackRatedEnergy                    F   (BatteryStPack.c.o)
Bat_GetPackRatedSumVolt                   F   (BatteryStPack.c.o)
Bat_GetPackRemainCapacity                 F   (BatteryStPack.c.o)
Bat_GetPackSerialNum                      I   (BatteryStCalc.c.o)
Bat_GetPackSerialNum                      F   (BatteryStPack.c.o)
Bat_GetPackSeriesNum                      F   (BatteryStPack.c.o)
Bat_GetPackSoc                            F   (BatteryStPack.c.o)
Bat_GetPackSoh                            F   (BatteryStPack.c.o)
Bat_GetPackSumV                           F   (BatteryStPack.c.o)
Bat_GetPackTemperNum                      I   (BatteryStCalc.c.o)
Bat_GetPackTemperNum                      F   (BatteryStPack.c.o)
Bat_GetPackTotalChgAh                     F   (BatteryStPack.c.o)
Bat_GetPackTotalDchAh                     F   (BatteryStPack.c.o)
Bat_GetParallelNum                        F   (BatteryStAllPack.c.o)
Bat_GetPropertyId                         F   (BatteryStAllPack.c.o)
Bat_GetPwr                                F   (BatteryStAllPack.c.o)
Bat_GetPwr                                I   (BatteryStCalc.c.o)
Bat_GetRatedCapacity                      F   (BatteryStAllPack.c.o)
Bat_GetRatedCapacityCalc                  F   (BatteryStAllPack.c.o)
Bat_GetRatedEnergy                        F   (BatteryStAllPack.c.o)
Bat_GetRatedSumVolt                       F   (BatteryStAllPack.c.o)
Bat_GetRemainCapacity                     F   (BatteryStAllPack.c.o)
Bat_GetSOC                                F   (BatteryStAllPack.c.o)
Bat_GetSOC                                I   (BatteryStCalc.c.o)
Bat_GetSerialNum                          F   (BatteryStAllPack.c.o)
Bat_GetSeriesNum                          F   (BatteryStAllPack.c.o)
Bat_GetSocDistribution                    F   (BatteryStAllPack.c.o)
Bat_GetSocDistribution                    I   (BatteryStCalc.c.o)
Bat_GetSoh                                F   (BatteryStAllPack.c.o)
Bat_GetSumV                               F   (BatteryStAllPack.c.o)
Bat_GetSumV                               I   (BatteryStCalc.c.o)
Bat_GetTemper                             F   (BatteryStAllPack.c.o)
Bat_GetTemper                             I   (BatteryStCalc.c.o)
Bat_GetTemperNum                          F   (BatteryStAllPack.c.o)
Bat_GetTemperRisePerHour                  F   (BatteryStAllPack.c.o)
Bat_GetTotalChgAh                         F   (BatteryStAllPack.c.o)
Bat_GetTotalDchAh                         F   (BatteryStAllPack.c.o)
Bat_GetTotalIntRes                        F   (BatteryStAllPack.c.o)
Bat_HisInfo                               O   (BatteryStAllPack.c.o)
Bat_LocalPackBalTime                      O   (BatteryStAllPack.c.o)
Bat_LocalPackBalTime                      I   (BatteryStCalc.c.o)
Bat_LocalPackBalTime                      I   (BatteryStCell.c.o)
Bat_Main                                  F   (BatteryStCalc.c.o)
Bat_SocDis                                O   (BatteryStCalc.c.o)
Bat_StCalc                                O   (BatteryStCalc.c.o)
Bat_StatisticInfo                         O   (BatteryStAllPack.c.o)
Bat_StatusInit                            F   (BatteryStAllPack.c.o)
Bat_TemperDis                             O   (BatteryStCalc.c.o)
Bat_TmCnt                                 O   (BatteryStCalc.c.o)
Bat_UpdateAccumulateChgAh                 F   (BatteryStAllPack.c.o)
Bat_UpdateAccumulateDchgAh                F   (BatteryStAllPack.c.o)
Bat_UpdateActualCapacity                  F   (BatteryStAllPack.c.o)
Bat_UpdateActualCapacityCalc              F   (BatteryStAllPack.c.o)
Bat_UpdateAllPackNo                       F   (BatteryStAllPack.c.o)
Bat_UpdateAppType                         F   (BatteryStAllPack.c.o)
Bat_UpdateAvgIntRes                       F   (BatteryStAllPack.c.o)
Bat_UpdateAvgT                            F   (BatteryStAllPack.c.o)
Bat_UpdateAvgT                            I   (BatteryStCalc.c.o)
Bat_UpdateAvgTDistribution                F   (BatteryStAllPack.c.o)
Bat_UpdateAvgTDistribution                I   (BatteryStCalc.c.o)
Bat_UpdateAvgV                            F   (BatteryStAllPack.c.o)
Bat_UpdateAvgV                            I   (BatteryStCalc.c.o)
Bat_UpdateBatDate                         F   (BatteryStAllPack.c.o)
Bat_UpdateBatNum                          F   (BatteryStAllPack.c.o)
Bat_UpdateBatteryTemperRise               F   (BatteryStAllPack.c.o)
Bat_UpdateBatteryTemperRise               I   (BatteryStCalc.c.o)
Bat_UpdateBmuNum                          F   (BatteryStAllPack.c.o)
Bat_UpdateCellBalanceSt                   F   (BatteryStCell.c.o)
Bat_UpdateCellChgBalanceTimeTotal         F   (BatteryStCell.c.o)
Bat_UpdateCellDchBalanceTimeTotal         F   (BatteryStCell.c.o)
Bat_UpdateCellV                           F   (BatteryStCell.c.o)
Bat_UpdateChgFullTimes                    F   (BatteryStAllPack.c.o)
Bat_UpdateChgTimes                        F   (BatteryStAllPack.c.o)
Bat_UpdateChgTotalAh                      F   (BatteryStAllPack.c.o)
Bat_UpdateChipNum                         F   (BatteryStAllPack.c.o)
Bat_UpdateCurDistribution                 F   (BatteryStAllPack.c.o)
Bat_UpdateCurDistribution                 I   (BatteryStCalc.c.o)
Bat_UpdateCurrent                         F   (BatteryStAllPack.c.o)
Bat_UpdateDchEmptyTimes                   F   (BatteryStAllPack.c.o)
Bat_UpdateDchEmptyTimes                   I   (BatteryStCalc.c.o)
Bat_UpdateDchgEmptyTimes                  F   (BatteryStAllPack.c.o)
Bat_UpdateDchgTotalAh                     F   (BatteryStAllPack.c.o)
Bat_UpdateDeltaT                          F   (BatteryStAllPack.c.o)
Bat_UpdateDeltaT                          I   (BatteryStCalc.c.o)
Bat_UpdateDeltaV                          F   (BatteryStAllPack.c.o)
Bat_UpdateDeltaV                          I   (BatteryStCalc.c.o)
Bat_UpdateHisChgFullTimes                 F   (BatteryStAllPack.c.o)
Bat_UpdateHisChgFullTimes                 I   (BatteryStCalc.c.o)
Bat_UpdateHisChgTimes                     F   (BatteryStAllPack.c.o)
Bat_UpdateHisChgTimes                     I   (BatteryStCalc.c.o)
Bat_UpdateHisDeltaV                       F   (BatteryStAllPack.c.o)
Bat_UpdateHisDeltaV                       I   (BatteryStCalc.c.o)
Bat_UpdateHisMaxAvgT                      F   (BatteryStAllPack.c.o)
Bat_UpdateHisMaxAvgT                      I   (BatteryStCalc.c.o)
Bat_UpdateHisMaxAvgV                      F   (BatteryStAllPack.c.o)
Bat_UpdateHisMaxAvgV                      I   (BatteryStCalc.c.o)
Bat_UpdateHisMaxChgCur                    F   (BatteryStAllPack.c.o)
Bat_UpdateHisMaxChgCur                    I   (BatteryStCalc.c.o)
Bat_UpdateHisMaxChgPwr                    F   (BatteryStAllPack.c.o)
Bat_UpdateHisMaxChgPwr                    I   (BatteryStCalc.c.o)
Bat_UpdateHisMaxDchCur                    F   (BatteryStAllPack.c.o)
Bat_UpdateHisMaxDchCur                    I   (BatteryStCalc.c.o)
Bat_UpdateHisMaxDchPwr                    F   (BatteryStAllPack.c.o)
Bat_UpdateHisMaxDchPwr                    I   (BatteryStCalc.c.o)
Bat_UpdateHisMaxDeltaT                    F   (BatteryStAllPack.c.o)
Bat_UpdateHisMaxDeltaT                    I   (BatteryStCalc.c.o)
Bat_UpdateHisMaxR                         F   (BatteryStAllPack.c.o)
Bat_UpdateHisMaxR                         I   (BatteryStCalc.c.o)
Bat_UpdateHisMaxSumV                      F   (BatteryStAllPack.c.o)
Bat_UpdateHisMaxSumV                      I   (BatteryStCalc.c.o)
Bat_UpdateHisMaxT                         F   (BatteryStAllPack.c.o)
Bat_UpdateHisMaxT                         I   (BatteryStCalc.c.o)
Bat_UpdateHisMaxV                         F   (BatteryStAllPack.c.o)
Bat_UpdateHisMaxV                         I   (BatteryStCalc.c.o)
Bat_UpdateHisMinAvgT                      F   (BatteryStAllPack.c.o)
Bat_UpdateHisMinAvgT                      I   (BatteryStCalc.c.o)
Bat_UpdateHisMinAvgV                      F   (BatteryStAllPack.c.o)
Bat_UpdateHisMinAvgV                      I   (BatteryStCalc.c.o)
Bat_UpdateHisMinR                         F   (BatteryStAllPack.c.o)
Bat_UpdateHisMinR                         I   (BatteryStCalc.c.o)
Bat_UpdateHisMinSumV                      F   (BatteryStAllPack.c.o)
Bat_UpdateHisMinSumV                      I   (BatteryStCalc.c.o)
Bat_UpdateHisMinT                         F   (BatteryStAllPack.c.o)
Bat_UpdateHisMinT                         I   (BatteryStCalc.c.o)
Bat_UpdateHisMinV                         F   (BatteryStAllPack.c.o)
Bat_UpdateHisMinV                         I   (BatteryStCalc.c.o)
Bat_UpdateMainBalanceSt                   F   (BatteryStAllPack.c.o)
Bat_UpdateManufacturer                    F   (BatteryStAllPack.c.o)
Bat_UpdateMaterialType                    F   (BatteryStAllPack.c.o)
Bat_UpdateMaxDeltaTDistribution           F   (BatteryStAllPack.c.o)
Bat_UpdateMaxDeltaTDistribution           I   (BatteryStCalc.c.o)
Bat_UpdateMaxFeedBackCur                  F   (BatteryStAllPack.c.o)
Bat_UpdateMaxPermitDchCur                 F   (BatteryStAllPack.c.o)
Bat_UpdateMaxPermitDchPower               F   (BatteryStAllPack.c.o)
Bat_UpdateMaxPermitFeedbackPower          F   (BatteryStAllPack.c.o)
Bat_UpdateMaxPulseDchCur                  F   (BatteryStAllPack.c.o)
Bat_UpdateMaxPulseDchPower                F   (BatteryStAllPack.c.o)
Bat_UpdateMaxPulseFeedBackCur             F   (BatteryStAllPack.c.o)
Bat_UpdateMaxPulseFeedbackPower           F   (BatteryStAllPack.c.o)
Bat_UpdateMaxR                            F   (BatteryStAllPack.c.o)
Bat_UpdateMaxRBmuNo                       F   (BatteryStAllPack.c.o)
Bat_UpdateMaxRSingleNo                    F   (BatteryStAllPack.c.o)
Bat_UpdateMaxRTotalNo                     F   (BatteryStAllPack.c.o)
Bat_UpdateMaxT                            F   (BatteryStAllPack.c.o)
Bat_UpdateMaxT                            I   (BatteryStCalc.c.o)
Bat_UpdateMaxTBmuNo                       F   (BatteryStAllPack.c.o)
Bat_UpdateMaxTBmuNo                       I   (BatteryStCalc.c.o)
Bat_UpdateMaxTDistribution                F   (BatteryStAllPack.c.o)
Bat_UpdateMaxTDistribution                I   (BatteryStCalc.c.o)
Bat_UpdateMaxTRiseRate                    F   (BatteryStAllPack.c.o)
Bat_UpdateMaxTRiseRate                    I   (BatteryStCalc.c.o)
Bat_UpdateMaxTSingleNo                    F   (BatteryStAllPack.c.o)
Bat_UpdateMaxTSingleNo                    I   (BatteryStCalc.c.o)
Bat_UpdateMaxTTotalNo                     F   (BatteryStAllPack.c.o)
Bat_UpdateMaxTTotalNo                     I   (BatteryStCalc.c.o)
Bat_UpdateMaxV                            F   (BatteryStAllPack.c.o)
Bat_UpdateMaxV                            I   (BatteryStCalc.c.o)
Bat_UpdateMaxVBmuNo                       F   (BatteryStAllPack.c.o)
Bat_UpdateMaxVBmuNo                       I   (BatteryStCalc.c.o)
Bat_UpdateMaxVSingleNo                    F   (BatteryStAllPack.c.o)
Bat_UpdateMaxVSingleNo                    I   (BatteryStCalc.c.o)
Bat_UpdateMaxVTotalNo                     F   (BatteryStAllPack.c.o)
Bat_UpdateMaxVTotalNo                     I   (BatteryStCalc.c.o)
Bat_UpdateMinR                            F   (BatteryStAllPack.c.o)
Bat_UpdateMinRBmuNo                       F   (BatteryStAllPack.c.o)
Bat_UpdateMinRSingleNo                    F   (BatteryStAllPack.c.o)
Bat_UpdateMinRTotalNo                     F   (BatteryStAllPack.c.o)
Bat_UpdateMinT                            F   (BatteryStAllPack.c.o)
Bat_UpdateMinT                            I   (BatteryStCalc.c.o)
Bat_UpdateMinTBmuNo                       F   (BatteryStAllPack.c.o)
Bat_UpdateMinTBmuNo                       I   (BatteryStCalc.c.o)
Bat_UpdateMinTDistribution                F   (BatteryStAllPack.c.o)
Bat_UpdateMinTDistribution                I   (BatteryStCalc.c.o)
Bat_UpdateMinTSingleNo                    F   (BatteryStAllPack.c.o)
Bat_UpdateMinTSingleNo                    I   (BatteryStCalc.c.o)
Bat_UpdateMinTTotalNo                     F   (BatteryStAllPack.c.o)
Bat_UpdateMinTTotalNo                     I   (BatteryStCalc.c.o)
Bat_UpdateMinV                            F   (BatteryStAllPack.c.o)
Bat_UpdateMinV                            I   (BatteryStCalc.c.o)
Bat_UpdateMinVBmuNo                       F   (BatteryStAllPack.c.o)
Bat_UpdateMinVBmuNo                       I   (BatteryStCalc.c.o)
Bat_UpdateMinVSingleNo                    F   (BatteryStAllPack.c.o)
Bat_UpdateMinVSingleNo                    I   (BatteryStCalc.c.o)
Bat_UpdateMinVTotalNo                     F   (BatteryStAllPack.c.o)
Bat_UpdateMinVTotalNo                     I   (BatteryStCalc.c.o)
Bat_UpdatePackAccumulateChgAh             F   (BatteryStPack.c.o)
Bat_UpdatePackAccumulateDchAh             F   (BatteryStPack.c.o)
Bat_UpdatePackActualCapacity              F   (BatteryStPack.c.o)
Bat_UpdatePackAppType                     F   (BatteryStPack.c.o)
Bat_UpdatePackAvgIntRes                   F   (BatteryStPack.c.o)
Bat_UpdatePackAvgT                        F   (BatteryStPack.c.o)
Bat_UpdatePackAvgV                        F   (BatteryStPack.c.o)
Bat_UpdatePackBalSt                       F   (BatteryStPack.c.o)
Bat_UpdatePackBatDate                     F   (BatteryStPack.c.o)
Bat_UpdatePackBatNum                      F   (BatteryStPack.c.o)
Bat_UpdatePackCurrent                     F   (BatteryStPack.c.o)
Bat_UpdatePackDeltaT                      F   (BatteryStPack.c.o)
Bat_UpdatePackDeltaV                      F   (BatteryStPack.c.o)
Bat_UpdatePackManufacturer                F   (BatteryStPack.c.o)
Bat_UpdatePackMaterialType                F   (BatteryStPack.c.o)
Bat_UpdatePackMaxR                        F   (BatteryStPack.c.o)
Bat_UpdatePackMaxRNo                      F   (BatteryStPack.c.o)
Bat_UpdatePackMaxT                        F   (BatteryStPack.c.o)
Bat_UpdatePackMaxTNo                      I   (BatteryStCalc.c.o)
Bat_UpdatePackMaxTNo                      F   (BatteryStPack.c.o)
Bat_UpdatePackMaxV                        F   (BatteryStPack.c.o)
Bat_UpdatePackMaxVNo                      I   (BatteryStCalc.c.o)
Bat_UpdatePackMaxVNo                      F   (BatteryStPack.c.o)
Bat_UpdatePackMinR                        F   (BatteryStPack.c.o)
Bat_UpdatePackMinRNo                      F   (BatteryStPack.c.o)
Bat_UpdatePackMinT                        F   (BatteryStPack.c.o)
Bat_UpdatePackMinTNo                      I   (BatteryStCalc.c.o)
Bat_UpdatePackMinTNo                      F   (BatteryStPack.c.o)
Bat_UpdatePackMinV                        F   (BatteryStPack.c.o)
Bat_UpdatePackMinVNo                      I   (BatteryStCalc.c.o)
Bat_UpdatePackMinVNo                      F   (BatteryStPack.c.o)
Bat_UpdatePackNo                          F   (BatteryStPack.c.o)
Bat_UpdatePackParallelNum                 F   (BatteryStPack.c.o)
Bat_UpdatePackProperty                    F   (BatteryStPack.c.o)
Bat_UpdatePackRatedCapacity               F   (BatteryStPack.c.o)
Bat_UpdatePackRatedEnergy                 F   (BatteryStPack.c.o)
Bat_UpdatePackRatedSumVolt                F   (BatteryStPack.c.o)
Bat_UpdatePackRemainCapacity              F   (BatteryStPack.c.o)
Bat_UpdatePackSerialNum                   F   (BatteryStPack.c.o)
Bat_UpdatePackSeriesNum                   F   (BatteryStPack.c.o)
Bat_UpdatePackSoc                         F   (BatteryStPack.c.o)
Bat_UpdatePackSoh                         F   (BatteryStPack.c.o)
Bat_UpdatePackSumV                        F   (BatteryStPack.c.o)
Bat_UpdatePackTemperNum                   F   (BatteryStPack.c.o)
Bat_UpdatePackTotalChgAh                  F   (BatteryStPack.c.o)
Bat_UpdatePackTotalDchAh                  F   (BatteryStPack.c.o)
Bat_UpdateParallelNum                     F   (BatteryStAllPack.c.o)
Bat_UpdatePropertyId                      F   (BatteryStAllPack.c.o)
Bat_UpdatePwr                             F   (BatteryStAllPack.c.o)
Bat_UpdateRatedCapacity                   F   (BatteryStAllPack.c.o)
Bat_UpdateRatedCapacityCalc               F   (BatteryStAllPack.c.o)
Bat_UpdateRatedEnergy                     F   (BatteryStAllPack.c.o)
Bat_UpdateRatedSumVolt                    F   (BatteryStAllPack.c.o)
Bat_UpdateRemainCapacity                  F   (BatteryStAllPack.c.o)
Bat_UpdateSOC                             F   (BatteryStAllPack.c.o)
Bat_UpdateSerialNum                       F   (BatteryStAllPack.c.o)
Bat_UpdateSeriesNum                       F   (BatteryStAllPack.c.o)
Bat_UpdateSocDistribution                 F   (BatteryStAllPack.c.o)
Bat_UpdateSocDistribution                 I   (BatteryStCalc.c.o)
Bat_UpdateSoh                             F   (BatteryStAllPack.c.o)
Bat_UpdateSumV                            F   (BatteryStAllPack.c.o)
Bat_UpdateSumV                            I   (BatteryStCalc.c.o)
Bat_UpdateTemper                          F   (BatteryStAllPack.c.o)
Bat_UpdateTemperNum                       F   (BatteryStAllPack.c.o)
Bat_UpdateTemperRisePerHour               F   (BatteryStAllPack.c.o)
Bat_UpdateTemperRisePerHour               I   (BatteryStCalc.c.o)
Bat_UpdateTotalChgAh                      F   (BatteryStAllPack.c.o)
Bat_UpdateTotalDChAh                      F   (BatteryStAllPack.c.o)
Bat_UpdateTotalIntRes                     F   (BatteryStAllPack.c.o)
BmsSys_CalcStandbyTime                    F   (BmsSysSt.c.o)
BmsSys_GetAlarmSt                         F   (BmsSysSt.c.o)
BmsSys_GetAlarmVolt                       F   (BmsSysSt.c.o)
BmsSys_GetAwakeSt                         F   (BmsSysSt.c.o)
BmsSys_GetBmuAi1St                        F   (BmsSysSt.c.o)
BmsSys_GetBmuDi1St                        F   (BmsSysSt.c.o)
BmsSys_GetBmuDi2St                        F   (BmsSysSt.c.o)
BmsSys_GetBmuDi3St                        F   (BmsSysSt.c.o)
BmsSys_GetBmuDi4St                        F   (BmsSysSt.c.o)
BmsSys_GetBmuDo1St                        F   (BmsSysSt.c.o)
BmsSys_GetBusLoadRate                     F   (BmsSysSt.c.o)
BmsSys_GetCanInhVolt                      F   (BmsSysSt.c.o)
BmsSys_GetCarCanBusSt                     F   (BmsSysSt.c.o)
BmsSys_GetChgBalanceModuleSt              F   (BmsSysSt.c.o)
BmsSys_GetChgCanBusSt                     F   (BmsSysSt.c.o)
BmsSys_GetClockSt                         F   (BmsSysSt.c.o)
BmsSys_GetCurrentDetectModuleSt           F   (BmsSysSt.c.o)
BmsSys_GetCurrentSensorType               F   (BmsSysSt.c.o)
BmsSys_GetDchgBalanceModuleSt             F   (BmsSysSt.c.o)
BmsSys_GetDiagnoseProtectSt               F   (BmsSysSt.c.o)
BmsSys_GetErrRecCurrentPage               F   (BmsSysSt.c.o)
BmsSys_GetErrRecEndPage                   F   (BmsSysSt.c.o)
BmsSys_GetErrRecFullSt                    F   (BmsSysSt.c.o)
BmsSys_GetErrRecStartPage                 F   (BmsSysSt.c.o)
BmsSys_GetExtEeSt                         F   (BmsSysSt.c.o)
BmsSys_GetExtFlashSt                      F   (BmsSysSt.c.o)
BmsSys_GetExternSumvDetectModuleSt        F   (BmsSysSt.c.o)
BmsSys_GetHisRecCurrentPage               F   (BmsSysSt.c.o)
BmsSys_GetHisRecEndPage                   F   (BmsSysSt.c.o)
BmsSys_GetHisRecFullSt                    F   (BmsSysSt.c.o)
BmsSys_GetHisRecStartPage                 F   (BmsSysSt.c.o)
BmsSys_GetIntCanBusSt                     F   (BmsSysSt.c.o)
BmsSys_GetIntCanProtocalVer               F   (BmsSysSt.c.o)
BmsSys_GetIntEeSt                         F   (BmsSysSt.c.o)
BmsSys_GetIntSumvDetectModueleSt          F   (BmsSysSt.c.o)
BmsSys_GetIsoDetectModuleSt               F   (BmsSysSt.c.o)
BmsSys_GetK15St                           F   (BmsSysSt.c.o)
BmsSys_GetK15Volt                         F   (BmsSysSt.c.o)
BmsSys_GetK30St                           F   (BmsSysSt.c.o)
BmsSys_GetK30Volt                         F   (BmsSysSt.c.o)
BmsSys_GetOffBDChgSt                      F   (BmsSysSt.c.o)
BmsSys_GetOffBDChgVolt                    F   (BmsSysSt.c.o)
BmsSys_GetOnBDChgSt                       F   (BmsSysSt.c.o)
BmsSys_GetOnBDChgVolt                     F   (BmsSysSt.c.o)
BmsSys_GetParameterConfigSt               F   (BmsSysSt.c.o)
BmsSys_GetPowerOffTime                    F   (BmsSysSt.c.o)
BmsSys_GetProtocalCompatibSt              F   (BmsSysSt.c.o)
BmsSys_GetRecPageMode                     F   (BmsSysSt.c.o)
BmsSys_GetServiceTime                     F   (BmsSysSt.c.o)
BmsSys_GetSoftWareCompatibSt              F   (BmsSysSt.c.o)
BmsSys_GetSoftWareUpdateSt                F   (BmsSysSt.c.o)
BmsSys_GetSynchSt                         F   (BmsSysSt.c.o)
BmsSys_GetSystemTime                      F   (BmsSysSt.c.o)
BmsSys_GetTemperDetectModuleSt            F   (BmsSysSt.c.o)
BmsSys_GetTemperSensorType                F   (BmsSysSt.c.o)
BmsSys_GetUnusualPowerOffCounter          F   (BmsSysSt.c.o)
BmsSys_GetVoltageDetectModuleSt           F   (BmsSysSt.c.o)
BmsSys_GetWorkSt                          F   (BmsSysSt.c.o)
BmsSys_UpdateAlarmSt                      F   (BmsSysSt.c.o)
BmsSys_UpdateAlarmVolt                    F   (BmsSysSt.c.o)
BmsSys_UpdateAwakeSt                      F   (BmsSysSt.c.o)
BmsSys_UpdateBmuAi1St                     F   (BmsSysSt.c.o)
BmsSys_UpdateBmuDi1St                     F   (BmsSysSt.c.o)
BmsSys_UpdateBmuDi2St                     F   (BmsSysSt.c.o)
BmsSys_UpdateBmuDi3St                     F   (BmsSysSt.c.o)
BmsSys_UpdateBmuDi4St                     F   (BmsSysSt.c.o)
BmsSys_UpdateBmuDo1St                     F   (BmsSysSt.c.o)
BmsSys_UpdateBusLoadRate                  F   (BmsSysSt.c.o)
BmsSys_UpdateCanInhVolt                   F   (BmsSysSt.c.o)
BmsSys_UpdateCarCanBusSt                  F   (BmsSysSt.c.o)
BmsSys_UpdateChgBalanceModuleSt           F   (BmsSysSt.c.o)
BmsSys_UpdateChgCanBusSt                  F   (BmsSysSt.c.o)
BmsSys_UpdateClockSt                      F   (BmsSysSt.c.o)
BmsSys_UpdateCurrentDetectModuleSt        F   (BmsSysSt.c.o)
BmsSys_UpdateCurrentSensorType            F   (BmsSysSt.c.o)
BmsSys_UpdateDchgBalanceModuleSt          F   (BmsSysSt.c.o)
BmsSys_UpdateDiagnoseProtectSt            F   (BmsSysSt.c.o)
BmsSys_UpdateErrRecCurrentPage            F   (BmsSysSt.c.o)
BmsSys_UpdateErrRecEndPage                F   (BmsSysSt.c.o)
BmsSys_UpdateErrRecFullSt                 F   (BmsSysSt.c.o)
BmsSys_UpdateErrRecStartPage              F   (BmsSysSt.c.o)
BmsSys_UpdateExtEeSt                      F   (BmsSysSt.c.o)
BmsSys_UpdateExtFlashSt                   F   (BmsSysSt.c.o)
BmsSys_UpdateExternSumvDetectModuleSt     F   (BmsSysSt.c.o)
BmsSys_UpdateHisRecCurrentPage            F   (BmsSysSt.c.o)
BmsSys_UpdateHisRecEndPage                F   (BmsSysSt.c.o)
BmsSys_UpdateHisRecFullSt                 F   (BmsSysSt.c.o)
BmsSys_UpdateHisRecStartPage              F   (BmsSysSt.c.o)
BmsSys_UpdateIntCanBusSt                  F   (BmsSysSt.c.o)
BmsSys_UpdateIntCanProtocalVer            F   (BmsSysSt.c.o)
BmsSys_UpdateIntEeSt                      F   (BmsSysSt.c.o)
BmsSys_UpdateIntSumvDetectModueleSt       F   (BmsSysSt.c.o)
BmsSys_UpdateIsoDetectModuleSt            F   (BmsSysSt.c.o)
BmsSys_UpdateK15St                        F   (BmsSysSt.c.o)
BmsSys_UpdateK15Volt                      F   (BmsSysSt.c.o)
BmsSys_UpdateK30St                        F   (BmsSysSt.c.o)
BmsSys_UpdateK30Volt                      F   (BmsSysSt.c.o)
BmsSys_UpdateOffBDChgSt                   F   (BmsSysSt.c.o)
BmsSys_UpdateOffBDChgVolt                 F   (BmsSysSt.c.o)
BmsSys_UpdateOnBDChgSt                    F   (BmsSysSt.c.o)
BmsSys_UpdateOnBDChgVolt                  F   (BmsSysSt.c.o)
BmsSys_UpdateParameterConfigSt            F   (BmsSysSt.c.o)
BmsSys_UpdatePowerOffTime                 F   (BmsSysSt.c.o)
BmsSys_UpdateProtocalCompatibSt           F   (BmsSysSt.c.o)
BmsSys_UpdateRecPageMode                  F   (BmsSysSt.c.o)
BmsSys_UpdateServiceTime                  F   (BmsSysSt.c.o)
BmsSys_UpdateSoftWareCompatibSt           F   (BmsSysSt.c.o)
BmsSys_UpdateSoftWareUpdateSt             F   (BmsSysSt.c.o)
BmsSys_UpdateSynchSt                      F   (BmsSysSt.c.o)
BmsSys_UpdateTemperDetectModuleSt         F   (BmsSysSt.c.o)
BmsSys_UpdateTemperSensorType             F   (BmsSysSt.c.o)
BmsSys_UpdateUnusualPowerOffCounter       F   (BmsSysSt.c.o)
BmsSys_UpdateVoltageDetectModuleSt        F   (BmsSysSt.c.o)
BmsSys_UpdateWorkSt                       F   (BmsSysSt.c.o)
Bms_SysStInfo                             O   (BmsSysSt.c.o)
Bms_SysStInit                             F   (BmsSysSt.c.o)
ChgInfo_Init                              F   (ChargeSt.c.o)
ChgM_GetChgStartCnt                       I   (BatteryStCalc.c.o)
Chg_GetAcLinkSt                           F   (ChargeSt.c.o)
Chg_GetAccumulatedChgTime                 I   (BatteryStCalc.c.o)
Chg_GetAccumulatedChgTime                 F   (ChargeSt.c.o)
Chg_GetBmsStopReason                      F   (ChargeSt.c.o)
Chg_GetCableCap                           F   (ChargeSt.c.o)
Chg_GetCc2St                              F   (ChargeSt.c.o)
Chg_GetCc2Volt                            F   (ChargeSt.c.o)
Chg_GetCcSt                               F   (ChargeSt.c.o)
Chg_GetCcVolt                             F   (ChargeSt.c.o)
Chg_GetChargerFault                       F   (ChargeSt.c.o)
Chg_GetChargerSt                          F   (ChargeSt.c.o)
Chg_GetChargerStopReason                  F   (ChargeSt.c.o)
Chg_GetChgSt                              I   (BatteryStCalc.c.o)
Chg_GetChgSt                              F   (ChargeSt.c.o)
Chg_GetChgStage                           I   (BatteryStCalc.c.o)
Chg_GetChgStage                           F   (ChargeSt.c.o)
Chg_GetCpDutyCycle                        F   (ChargeSt.c.o)
Chg_GetCpPeriod                           F   (ChargeSt.c.o)
Chg_GetCpPmtCur                           F   (ChargeSt.c.o)
Chg_GetDcLinkSt                           F   (ChargeSt.c.o)
Chg_GetDownCurrentStep                    F   (ChargeSt.c.o)
Chg_GetErrorCode                          F   (ChargeSt.c.o)
Chg_GetMaxOutPutVoltage                   F   (ChargeSt.c.o)
Chg_GetMinOutPutVoltage                   F   (ChargeSt.c.o)
Chg_GetOutPutCurrent                      F   (ChargeSt.c.o)
Chg_GetOutPutEnergy                       F   (ChargeSt.c.o)
Chg_GetOutPutMaxCurrent                   F   (ChargeSt.c.o)
Chg_GetOutPutMinCurrent                   F   (ChargeSt.c.o)
Chg_GetOutPutVoltage                      F   (ChargeSt.c.o)
Chg_GetPermitChgCurExt                    F   (ChargeSt.c.o)
Chg_GetPermitChgCurOn                     F   (ChargeSt.c.o)
Chg_GetPermitChgExtSt                     F   (ChargeSt.c.o)
Chg_GetPermitChgOnSt                      F   (ChargeSt.c.o)
Chg_GetPermitMaxCellV                     F   (ChargeSt.c.o)
Chg_GetPermitMaxCurrent                   F   (ChargeSt.c.o)
Chg_GetPermitMaxSumV                      F   (ChargeSt.c.o)
Chg_GetPermitMaxT                         F   (ChargeSt.c.o)
Chg_GetPermitMinCellV                     F   (ChargeSt.c.o)
Chg_GetPermitMinCurrent                   F   (ChargeSt.c.o)
Chg_GetPermitMinT                         F   (ChargeSt.c.o)
Chg_GetRemainChgTime                      F   (ChargeSt.c.o)
Chg_Info                                  O   (ChargeSt.c.o)
Chg_UpdateAcLinkSt                        F   (ChargeSt.c.o)
Chg_UpdateAccumulatedChgTime              I   (BatteryStCalc.c.o)
Chg_UpdateAccumulatedChgTime              F   (ChargeSt.c.o)
Chg_UpdateBmsStopReason                   F   (ChargeSt.c.o)
Chg_UpdateCCVolt                          F   (ChargeSt.c.o)
Chg_UpdateCableCap                        F   (ChargeSt.c.o)
Chg_UpdateCc2St                           F   (ChargeSt.c.o)
Chg_UpdateCc2Volt                         F   (ChargeSt.c.o)
Chg_UpdateCcSt                            F   (ChargeSt.c.o)
Chg_UpdateChargerFault                    F   (ChargeSt.c.o)
Chg_UpdateChargerSt                       F   (ChargeSt.c.o)
Chg_UpdateChargerStopReason               F   (ChargeSt.c.o)
Chg_UpdateChgSt                           F   (ChargeSt.c.o)
Chg_UpdateChgStage                        F   (ChargeSt.c.o)
Chg_UpdateCpDutyCycle                     F   (ChargeSt.c.o)
Chg_UpdateCpPeriod                        F   (ChargeSt.c.o)
Chg_UpdateCpPmtCur                        F   (ChargeSt.c.o)
Chg_UpdateDcLinkSt                        F   (ChargeSt.c.o)
Chg_UpdateDownCurrentStep                 F   (ChargeSt.c.o)
Chg_UpdateErrorCode                       F   (ChargeSt.c.o)
Chg_UpdateMaxOutPutVoltage                F   (ChargeSt.c.o)
Chg_UpdateMinOutPutVoltage                F   (ChargeSt.c.o)
Chg_UpdateOutPutCurrent                   F   (ChargeSt.c.o)
Chg_UpdateOutPutEnergy                    F   (ChargeSt.c.o)
Chg_UpdateOutPutMaxCurrent                F   (ChargeSt.c.o)
Chg_UpdateOutPutMinCurrent                F   (ChargeSt.c.o)
Chg_UpdateOutPutVoltage                   F   (ChargeSt.c.o)
Chg_UpdatePermitChgCurExt                 F   (ChargeSt.c.o)
Chg_UpdatePermitChgCurOn                  F   (ChargeSt.c.o)
Chg_UpdatePermitChgExtSt                  F   (ChargeSt.c.o)
Chg_UpdatePermitChgOnSt                   F   (ChargeSt.c.o)
Chg_UpdatePermitMaxCellV                  F   (ChargeSt.c.o)
Chg_UpdatePermitMaxCurrent                F   (ChargeSt.c.o)
Chg_UpdatePermitMaxSumV                   F   (ChargeSt.c.o)
Chg_UpdatePermitMaxT                      F   (ChargeSt.c.o)
Chg_UpdatePermitMinCellV                  F   (ChargeSt.c.o)
Chg_UpdatePermitMinCurrent                F   (ChargeSt.c.o)
Chg_UpdatePermitMinT                      F   (ChargeSt.c.o)
Chg_UpdateRemainChgTime                   F   (ChargeSt.c.o)
EE_LoadVar                                I   (BatteryStCalc.c.o)
EE_LoadVar                                I   (BatterySysSt.c.o)
EE_LoadVar                                I   (BmsSysSt.c.o)
EE_SaveVar                                I   (BatteryStCalc.c.o)
EE_SaveVar                                I   (BatterySysSt.c.o)
Err_GetBatErrLevel                        I   (BatteryStCalc.c.o)
Err_UpdateHwErrDetail                     I   (BatteryStCalc.c.o)
Err_UpdateHwErrLevel                      I   (BatteryStCalc.c.o)
Err_UpdateHwErrLevel                      I   (BmsSysSt.c.o)
SysConf_InitParaTable                     I   (BatteryStCalc.c.o)
SysConf_InitParaTable                     I   (BatterySysSt.c.o)
SysConf_InitParaTable                     I   (BmsSysSt.c.o)
SysConf_InitParaTable                     I   (ChargeSt.c.o)
Xgate_CpuGetRealTime                      I   (BmsSysSt.c.o)
_BSHRU                                    I   (BmsSysSt.c.o)
_BSHRU                                    I   (ChargeSt.c.o)
_CASE_CHECKED                             I   (BatterySysSt.c.o)
_CASE_CHECKED_BYTE                        I   (BatterySysSt.c.o)
_FPCMP                                    I   (BatteryStAllPack.c.o)
_FPCMP                                    I   (BatteryStCell.c.o)
_FPCMP                                    I   (BatteryStPack.c.o)
_ISHRU                                    I   (BatteryStCell.c.o)
_LADD                                     I   (BatterySysSt.c.o)
_LDIVU                                    I   (BatteryStCalc.c.o)
_LDIVU                                    I   (BatterySysSt.c.o)
_LINC                                     I   (BatteryStCalc.c.o)
_LINC                                     I   (BmsSysSt.c.o)
_LMULU16x32                               I   (BatterySysSt.c.o)
_LMULU16x32                               I   (BmsSysSt.c.o)
_LSUB                                     I   (BatterySysSt.c.o)
gby_AssertErrorCnt                        I   (BatteryStAllPack.c.o)
gby_AssertErrorCnt                        I   (BatteryStCell.c.o)
gby_AssertErrorCnt                        I   (BatteryStPack.c.o)
gby_DayPerMonth                           O   (BmsSysSt.c.o)
