Units and locations in library 'E:\WorkFile-Lijh\Work\Plaform\Centralized\BHN02-BCU_C\lib\BHN02A_C_App.lib'
Unit name             size     from       to
AppDo.c.o             8308    22138    30446
AppRelay.c.o         14515    30446    44961
CurDet.c.o           27045   221835   248880
DataStore.c.o        54183   142773   196956
EE.c.o               91477    44961   136438
EE_CRC16.c.o          6335   136438   142773
GbChg_IfDet.c.o       8691   254603   263294
IntRes-AB.c.o        14557   196956   211513
IntRes.c.o            4931   211513   216444
LvM.c.o              15683     6455    22138
RunModem.c.o          6315      140     6455
SOH-A.c.o             3727   293114   296841
SOH-B.c.o            13669   296841   310510
SOH.c.o               6079   310510   316589
SensorAi.c.o          5391   216444   221835
SensorDi.c.o          5723   248880   254603
SumvDet.c.o          17789   263294   281083
SupplyPowDet.c.o     12031   281083   293114

EXPORTED OBJECTS
Actor_CtrlDo                      F   (AppDo.c.o)
Actor_CtrlRelay                   F   (AppRelay.c.o)
Actor_CtrlRelayPara               O   (AppRelay.c.o)
Actor_DoExcuxe                    O   (AppDo.c.o)
Actor_DoInit                      F   (AppDo.c.o)
Actor_GetDoSt                     F   (AppDo.c.o)
Actor_GetRelaySt                  F   (AppRelay.c.o)
Actor_Relay                       O   (AppRelay.c.o)
Actor_RelayInit                   F   (AppRelay.c.o)
Actor_RelayMain                   F   (AppRelay.c.o)
AiIf_MeasureChannel               I   (AppDo.c.o)
AiIf_MeasureChannel               I   (DataStore.c.o)
AiIf_MeasureChannel               I   (GbChg_IfDet.c.o)
AiIf_MeasureChannel               I   (SensorAi.c.o)
AiIf_MeasureChannel               I   (SupplyPowDet.c.o)
BatSys_GetAuxASt                  I   (DataStore.c.o)
BatSys_GetAuxBSt                  I   (DataStore.c.o)
BatSys_GetChgRlySt                I   (DataStore.c.o)
BatSys_GetIsoNegResistor          I   (DataStore.c.o)
BatSys_GetIsoPosResistor          I   (DataStore.c.o)
BatSys_GetNegRlySt                I   (DataStore.c.o)
BatSys_GetPosRlySt                I   (DataStore.c.o)
BatSys_GetPreRlySt                I   (DataStore.c.o)
BatSys_GetRunMode                 I   (LvM.c.o)
BatSys_UpdateAuxASt               I   (AppRelay.c.o)
BatSys_UpdateAuxBSt               I   (AppRelay.c.o)
BatSys_UpdateChgRlySt             I   (AppRelay.c.o)
BatSys_UpdateNegRlySt             I   (AppRelay.c.o)
BatSys_UpdatePosRlySt             I   (AppRelay.c.o)
BatSys_UpdatePreRlySt             I   (AppRelay.c.o)
BatSys_UpdateRunMode              I   (RunModem.c.o)
Bat_GetActualCapacityCalc         I   (SOH-B.c.o)
Bat_GetAllPackNo                  I   (DataStore.c.o)
Bat_GetAvgIntRes                  I   (SOH-B.c.o)
Bat_GetAvgT                       I   (IntRes-AB.c.o)
Bat_GetBatNum                     I   (DataStore.c.o)
Bat_GetBmuNum                     I   (DataStore.c.o)
Bat_GetCellV                      I   (DataStore.c.o)
Bat_GetCellV                      I   (IntRes-AB.c.o)
Bat_GetCurrent                    I   (DataStore.c.o)
Bat_GetCurrent                    I   (IntRes-AB.c.o)
Bat_GetManufacturer               I   (DataStore.c.o)
Bat_GetMaterialType               I   (DataStore.c.o)
Bat_GetMaxR                       I   (DataStore.c.o)
Bat_GetMaxRTotalNo                I   (DataStore.c.o)
Bat_GetMaxT                       I   (DataStore.c.o)
Bat_GetMaxTTotalNo                I   (DataStore.c.o)
Bat_GetMaxV                       I   (DataStore.c.o)
Bat_GetMaxVTotalNo                I   (DataStore.c.o)
Bat_GetMinR                       I   (DataStore.c.o)
Bat_GetMinRTotalNo                I   (DataStore.c.o)
Bat_GetMinT                       I   (DataStore.c.o)
Bat_GetMinTTotalNo                I   (DataStore.c.o)
Bat_GetMinV                       I   (DataStore.c.o)
Bat_GetMinVTotalNo                I   (DataStore.c.o)
Bat_GetPackSerialNum              I   (DataStore.c.o)
Bat_GetPackSerialNum              I   (IntRes-AB.c.o)
Bat_GetPackTemperNum              I   (DataStore.c.o)
Bat_GetRatedCapacityCalc          I   (SOH-B.c.o)
Bat_GetSOC                        I   (DataStore.c.o)
Bat_GetSOC                        I   (IntRes-AB.c.o)
Bat_GetSoh                        I   (DataStore.c.o)
Bat_GetSoh                        I   (SOH-B.c.o)
Bat_GetSumV                       I   (DataStore.c.o)
Bat_GetSumV                       I   (IntRes-AB.c.o)
Bat_GetTemper                     I   (DataStore.c.o)
Bat_GetTemperNum                  I   (DataStore.c.o)
Bat_GetTotalChgAh                 I   (DataStore.c.o)
Bat_GetTotalDchAh                 I   (DataStore.c.o)
Bat_GetTotalDchAh                 I   (SOH-B.c.o)
Bat_UpdateAccumulateChgAh         I   (CurDet.c.o)
Bat_UpdateAccumulateDchgAh        I   (CurDet.c.o)
Bat_UpdateActualCapacityCalc      I   (SOH-B.c.o)
Bat_UpdateCurrent                 I   (CurDet.c.o)
Bat_UpdateSoh                     I   (SOH-B.c.o)
Bat_UpdateSumV                    I   (SumvDet.c.o)
Bat_UpdateTotalChgAh              I   (SOH-B.c.o)
Bat_UpdateTotalDChAh              I   (SOH-B.c.o)
Bat_UpdateTotalIntRes             I   (IntRes-AB.c.o)
BmsSys_GetAlarmVolt               I   (LvM.c.o)
BmsSys_GetK15Volt                 I   (LvM.c.o)
BmsSys_GetOffBDChgVolt            I   (LvM.c.o)
BmsSys_GetOnBDChgVolt             I   (LvM.c.o)
BmsSys_GetSystemTime              I   (DataStore.c.o)
BmsSys_UpdateAlarmSt              I   (LvM.c.o)
BmsSys_UpdateAlarmVolt            I   (SupplyPowDet.c.o)
BmsSys_UpdateAwakeSt              I   (LvM.c.o)
BmsSys_UpdateCanInhVolt           I   (SupplyPowDet.c.o)
BmsSys_UpdateErrRecCurrentPage    I   (DataStore.c.o)
BmsSys_UpdateErrRecEndPage        I   (DataStore.c.o)
BmsSys_UpdateErrRecFullSt         I   (DataStore.c.o)
BmsSys_UpdateErrRecStartPage      I   (DataStore.c.o)
BmsSys_UpdateHisRecCurrentPage    I   (DataStore.c.o)
BmsSys_UpdateHisRecEndPage        I   (DataStore.c.o)
BmsSys_UpdateHisRecFullSt         I   (DataStore.c.o)
BmsSys_UpdateHisRecStartPage      I   (DataStore.c.o)
BmsSys_UpdateK15St                I   (LvM.c.o)
BmsSys_UpdateK15Volt              I   (SupplyPowDet.c.o)
BmsSys_UpdateK30Volt              I   (SupplyPowDet.c.o)
BmsSys_UpdateOffBDChgSt           I   (LvM.c.o)
BmsSys_UpdateOffBDChgVolt         I   (SupplyPowDet.c.o)
BmsSys_UpdateOnBDChgSt            I   (LvM.c.o)
BmsSys_UpdateOnBDChgVolt          I   (SupplyPowDet.c.o)
BmsSys_UpdatePowerOffTime         I   (LvM.c.o)
BmsSys_UpdateRecPageMode          I   (DataStore.c.o)
CCR_reg                           I   (DataStore.c.o)
CanIf_RequestSend                 I   (DataStore.c.o)
Chg_UpdateCpPeriod                I   (GbChg_IfDet.c.o)
Cpu_Delay100US                    I   (DataStore.c.o)
Cpu_Delay100US                    I   (EE.c.o)
Cpu_GetResetSource                I   (DataStore.c.o)
CurDetConf                        O   (CurDet.c.o)
CurDet_ClbCurCurChnGain           F   (CurDet.c.o)
CurDet_ClbCurCurChnOffset         F   (CurDet.c.o)
CurDet_ClbCurVolChnGain           F   (CurDet.c.o)
CurDet_ClbCurVolChnOffset         F   (CurDet.c.o)
CurDet_Count                      F   (CurDet.c.o)
CurDet_Eng                        O   (CurDet.c.o)
CurDet_Init                       F   (CurDet.c.o)
CurDet_InitCurDet                 F   (CurDet.c.o)
CurDet_Main                       F   (CurDet.c.o)
CurDet_TmCnt                      O   (CurDet.c.o)
CurDet_UpdateAhCalcThrhd          F   (CurDet.c.o)
CurDet_UpdateGainAndOffset        F   (CurDet.c.o)
CurrentIf_ClbCur                  I   (CurDet.c.o)
CurrentIf_Init                    I   (CurDet.c.o)
CurrentIf_RdCur                   I   (CurDet.c.o)
DataStore_CtrlInfo                O   (DataStore.c.o)
DataStore_DetAwake                F   (DataStore.c.o)
DataStore_EnableErrorDataStore    F   (DataStore.c.o)
DataStore_EnableEventDataStore    F   (DataStore.c.o)
DataStore_EnableEventDataStore    I   (LvM.c.o)
DataStore_EraseFlash              F   (DataStore.c.o)
DataStore_ErasePage               F   (DataStore.c.o)
DataStore_Init                    F   (DataStore.c.o)
DataStore_MainCbk                 F   (DataStore.c.o)
DataStore_MainCountCbk            F   (DataStore.c.o)
DataStore_PageInfo                O   (DataStore.c.o)
DataStore_ProcSaveData            F   (DataStore.c.o)
DataStore_ReadAndTxData           F   (DataStore.c.o)
DataStore_ReadPage                F   (DataStore.c.o)
DataStore_TmCnt                   O   (DataStore.c.o)
DataStore_UpdateRsvData           F   (DataStore.c.o)
DiIf_GetValue                     I   (SensorDi.c.o)
DoIf_Ctrl                         I   (AppDo.c.o)
DoIf_Ctrl                         I   (LvM.c.o)
EE_CalcCRC16AllByte               I   (EE.c.o)
EE_CalcCRC16AllByte               F   (EE_CRC16.c.o)
EE_CalcCRC16SingleByte            I   (EE.c.o)
EE_CalcCRC16SingleByte            F   (EE_CRC16.c.o)
EE_Dealy5msForSaveVar             I   (CurDet.c.o)
EE_Dealy5msForSaveVar             F   (EE.c.o)
EE_GetEeStatus                    F   (EE.c.o)
EE_Init                           F   (EE.c.o)
EE_LoadVar                        I   (CurDet.c.o)
EE_LoadVar                        I   (DataStore.c.o)
EE_LoadVar                        F   (EE.c.o)
EE_LoadVar                        I   (SOH-B.c.o)
EE_LoadVar                        I   (SumvDet.c.o)
EE_MainCbk                        F   (EE.c.o)
EE_MainCountCbk                   F   (EE.c.o)
EE_SaveVar                        I   (CurDet.c.o)
EE_SaveVar                        I   (DataStore.c.o)
EE_SaveVar                        F   (EE.c.o)
EE_SaveVar                        I   (LvM.c.o)
EE_SaveVar                        I   (SOH-B.c.o)
EE_SaveVarForCalib                F   (EE.c.o)
EE_SaveVarForCalib                I   (SumvDet.c.o)
EE_TmCnt                          O   (EE.c.o)
EE_UpdateEeStatus                 F   (EE.c.o)
Err_GetBatAllErrLevel             I   (DataStore.c.o)
Err_GetBatSysAllErrLevel          I   (DataStore.c.o)
Err_GetHwAllErrLevel              I   (DataStore.c.o)
Err_GetHwErrDetail                I   (CurDet.c.o)
Err_GetHwErrDetail                I   (DataStore.c.o)
Err_GetHwErrDetail                I   (SumvDet.c.o)
Err_UpdateHwErrDetail             I   (CurDet.c.o)
Err_UpdateHwErrDetail             I   (DataStore.c.o)
Err_UpdateHwErrDetail             I   (EE.c.o)
Err_UpdateHwErrDetail             I   (SumvDet.c.o)
Err_UpdateHwErrLevel              I   (CurDet.c.o)
Err_UpdateHwErrLevel              I   (DataStore.c.o)
Err_UpdateHwErrLevel              I   (EE.c.o)
Err_UpdateHwErrLevel              I   (SumvDet.c.o)
GbChgDet_Ai                       F   (GbChg_IfDet.c.o)
GbChgDet_Cp                       O   (GbChg_IfDet.c.o)
GbChgDet_DutyCalc                 F   (GbChg_IfDet.c.o)
Gb_ADConver                       F   (GbChg_IfDet.c.o)
IntRes_Calc                       O   (IntRes-AB.c.o)
IntRes_Infor                      O   (IntRes-AB.c.o)
IntRes_Init                       F   (IntRes.c.o)
IntRes_MainCbk                    F   (IntRes.c.o)
IntRes_MainCountCbk               F   (IntRes.c.o)
IntRes_ModuleCbk                  F   (IntRes-AB.c.o)
IntRes_ModuleCbk                  I   (IntRes.c.o)
IntRes_ModuleCountCbk             F   (IntRes-AB.c.o)
IntRes_ModuleCountCbk             I   (IntRes.c.o)
IntRes_ModuleInit                 F   (IntRes-AB.c.o)
IntRes_ModuleInit                 I   (IntRes.c.o)
IntRes_TmCnt                      O   (IntRes-AB.c.o)
LvM_ActSgnlChk                    O   (LvM.c.o)
LvM_CountCbk                      F   (LvM.c.o)
LvM_GetBcuShutDownEn              F   (LvM.c.o)
LvM_Init                          F   (LvM.c.o)
LvM_ProcMain                      F   (LvM.c.o)
LvM_RunModeM                      O   (LvM.c.o)
LvM_TmCnt                         O   (LvM.c.o)
LvM_UpdateSystemShutDownEn        F   (LvM.c.o)
LvM_UpdateVcuShutDownEn           F   (LvM.c.o)
NvmIf_FlashOperation              I   (DataStore.c.o)
NvmIf_Operation                   I   (EE.c.o)
RelayIf_Ctrl                      I   (AppRelay.c.o)
RelayIf_FeedBack                  I   (AppRelay.c.o)
RumMode_Init                      F   (RunModem.c.o)
RumMode_LocalEcuMode              O   (RunModem.c.o)
RumMode_MainProcess               F   (RunModem.c.o)
RunModem_SwitchModeTo             I   (LvM.c.o)
RunModem_SwitchModeTo             F   (RunModem.c.o)
SOH_ConfigPara                    O   (SOH.c.o)
SOH_CtrlPara                      O   (SOH-B.c.o)
SOH_Init                          F   (SOH.c.o)
SOH_IntRes                        I   (SOH-B.c.o)
SOH_IntRes                        O   (SOH.c.o)
SOH_Macro                         I   (SOH-B.c.o)
SOH_Macro                         O   (SOH.c.o)
SOH_MainCbk                       F   (SOH.c.o)
SOH_MainCountCbk                  F   (SOH.c.o)
SOH_ModuleCbk                     F   (SOH-B.c.o)
SOH_ModuleCbk                     I   (SOH.c.o)
SOH_ModuleCountCbk                F   (SOH-B.c.o)
SOH_ModuleCountCbk                I   (SOH.c.o)
SOH_ModuleInit                    F   (SOH-B.c.o)
SOH_ModuleInit                    I   (SOH.c.o)
SOH_TmCnt                         O   (SOH-B.c.o)
SOH_TotalDchAh                    I   (SOH-B.c.o)
SOH_TotalDchAh                    O   (SOH.c.o)
Sensor_GetAiSt                    F   (SensorAi.c.o)
Sensor_GetDiSt                    F   (SensorDi.c.o)
SumvDet_Config                    O   (SumvDet.c.o)
SumvDet_GetSumvAd                 F   (SumvDet.c.o)
SumvDet_Init                      F   (SumvDet.c.o)
SumvDet_MainCbk                   F   (SumvDet.c.o)
SumvDet_MainCountCbk              F   (SumvDet.c.o)
SumvDet_TmCnt                     O   (SumvDet.c.o)
SumvDet_UpdateGainAndOffset       F   (SumvDet.c.o)
SumvDet_UpdateRunStep             F   (SumvDet.c.o)
SumvIf_Init                       I   (SumvDet.c.o)
SumvIf_RdAd                       I   (SumvDet.c.o)
SumvIf_StartConvert               I   (SumvDet.c.o)
SupplyPowDet_CountCbk             F   (SupplyPowDet.c.o)
SupplyPowDet_Init                 F   (SupplyPowDet.c.o)
SupplyPowDet_ProcMain             F   (SupplyPowDet.c.o)
SupplyPowDet_TmCnt                O   (SupplyPowDet.c.o)
SysConf_GetParaAddrInEE           I   (EE.c.o)
SysConf_GetParaHandle             I   (EE.c.o)
SysConf_GetParaValueFromRam       I   (IntRes-AB.c.o)
SysConf_InitParaTable             I   (CurDet.c.o)
SysConf_InitParaTable             I   (DataStore.c.o)
SysConf_InitParaTable             I   (EE.c.o)
SysConf_InitParaTable             I   (SumvDet.c.o)
Version_GetProjectVer             I   (DataStore.c.o)
WdgIf_Trig                        I   (DataStore.c.o)
WdgIf_Trig                        I   (EE.c.o)
Xgate_CpuGetAcCp                  I   (GbChg_IfDet.c.o)
Xgate_CpuGetExtFlah               I   (DataStore.c.o)
Xgate_CpuSetExtFlash              I   (DataStore.c.o)
Xgate_CpuSetStart                 I   (DataStore.c.o)
_CASE_CHECKED                     I   (AppRelay.c.o)
_CASE_CHECKED                     I   (EE.c.o)
_CASE_CHECKED                     I   (SensorDi.c.o)
_CASE_CHECKED_BYTE                I   (AppRelay.c.o)
_CASE_CHECKED_BYTE                I   (SensorDi.c.o)
_CONV_NEAR_TO_GLOBAL              I   (CurDet.c.o)
_COPY                             I   (AppRelay.c.o)
_COPY                             I   (DataStore.c.o)
_ISHRU                            I   (EE.c.o)
_LADD                             I   (SumvDet.c.o)
_LCMP                             I   (DataStore.c.o)
_LDEC                             I   (AppRelay.c.o)
_LDIVU                            I   (AppRelay.c.o)
_LDIVU                            I   (CurDet.c.o)
_LDIVU                            I   (DataStore.c.o)
_LDIVU                            I   (GbChg_IfDet.c.o)
_LDIVU                            I   (IntRes-AB.c.o)
_LDIVU                            I   (SOH-B.c.o)
_LDIVU                            I   (SumvDet.c.o)
_LDIVU                            I   (SupplyPowDet.c.o)
_LINC                             I   (DataStore.c.o)
_LINC                             I   (EE.c.o)
_LINC                             I   (SumvDet.c.o)
_LMODU                            I   (CurDet.c.o)
_LMODU                            I   (EE.c.o)
_LMULU16x32                       I   (CurDet.c.o)
_LMULU16x32                       I   (DataStore.c.o)
_LMULU16x32                       I   (GbChg_IfDet.c.o)
_LMULU16x32                       I   (SOH-B.c.o)
_LMULU16x32                       I   (SupplyPowDet.c.o)
_LSHRU                            I   (DataStore.c.o)
_LSHRU                            I   (GbChg_IfDet.c.o)
_LSHRU                            I   (SensorAi.c.o)
_LSHRU                            I   (SupplyPowDet.c.o)
_LSUB                             I   (SumvDet.c.o)
clb_flg                           O   (CurDet.c.o)
cur_ad                            O   (CurDet.c.o)
cur_real_value                    O   (CurDet.c.o)
flag_test_k15                     O   (LvM.c.o)
gain_offsef                       O   (CurDet.c.o)
gby_BcuShutDownEn                 O   (LvM.c.o)
gby_BlockSaveAh                   O   (EE.c.o)
gby_DetStep                       O   (SupplyPowDet.c.o)
gby_ExternEE_Status               O   (EE.c.o)
gby_FlagCLbrSlect                 O   (CurDet.c.o)
gby_KeyResetFlag                  O   (LvM.c.o)
gby_ReadData                      O   (EE.c.o)
gby_Record                        O   (DataStore.c.o)
gby_RsvData                       O   (DataStore.c.o)
gby_SumvDetStep                   O   (SumvDet.c.o)
gby_SumvResetFlg                  O   (SumvDet.c.o)
gby_SystemShutDownEn              O   (LvM.c.o)
gby_VcuShutDownEn                 O   (LvM.c.o)
gby_curdeterrcnt                  O   (CurDet.c.o)
glwd_ClbrValue                    O   (CurDet.c.o)
glwd_CntSaveAh                    O   (EE.c.o)
gwd_AddrBuf                       O   (EE.c.o)
gwd_AddrBufCnt                    O   (EE.c.o)
gwd_CrcTable                      O   (EE_CRC16.c.o)
gwd_CurDetRslt                    O   (CurDet.c.o)
gwd_MaxDataAddr                   O   (EE.c.o)
gwd_MaxErrPage                    O   (DataStore.c.o)
gwd_MaxHisPage                    O   (DataStore.c.o)
gwd_MaxRecordNumPerPage           O   (DataStore.c.o)
gwd_MinErrPage                    O   (DataStore.c.o)
gwd_MinHisPage                    O   (DataStore.c.o)
gwd_RecognizeData                 O   (EE.c.o)
gwd_RecordNum                     O   (DataStore.c.o)
gwd_SumvAdValUnCngCnt             O   (SumvDet.c.o)
gwd_SumvAdValue                   O   (SumvDet.c.o)
gwd_SumvAdValueBak                O   (SumvDet.c.o)
gwd_SumvConf                      O   (SumvDet.c.o)
gwd_cur                           O   (CurDet.c.o)
gwd_cur_ad                        O   (CurDet.c.o)
gwd_cur_avg                       O   (CurDet.c.o)
gwd_cur_avg_ad                    O   (CurDet.c.o)
test_flg1                         O   (CurDet.c.o)
tm_test_on                        O   (LvM.c.o)
