Units and locations in library 'E:\WorkFile-Lijh\Work\Plaform\Centralized\BHN02-BCU\lib\BHN02A_C_ErrAlarm.lib'
Unit name           size     from       to
ErrorAlarm.c.o     72305      143    72448

EXPORTED OBJECTS
Bat_GetBmuNum                     I   (ErrorAlarm.c.o)
Bat_GetCurrent                    I   (ErrorAlarm.c.o)
Bat_GetDeltaT                     I   (ErrorAlarm.c.o)
Bat_GetDeltaV                     I   (ErrorAlarm.c.o)
Bat_GetMaxR                       I   (ErrorAlarm.c.o)
Bat_GetMaxT                       I   (ErrorAlarm.c.o)
Bat_GetMaxV                       I   (ErrorAlarm.c.o)
Bat_GetMinT                       I   (ErrorAlarm.c.o)
Bat_GetMinV                       I   (ErrorAlarm.c.o)
Bat_GetPackDeltaT                 I   (ErrorAlarm.c.o)
Bat_GetPackDeltaV                 I   (ErrorAlarm.c.o)
Bat_GetPackManufacturer           I   (ErrorAlarm.c.o)
Bat_GetPackMaterialType           I   (ErrorAlarm.c.o)
Bat_GetPackNo                     I   (ErrorAlarm.c.o)
Bat_GetSOC                        I   (ErrorAlarm.c.o)
Bat_GetSoh                        I   (ErrorAlarm.c.o)
Bat_GetSumV                       I   (ErrorAlarm.c.o)
BmsSys_GetK30Volt                 I   (ErrorAlarm.c.o)
Chg_GetAcLinkSt                   I   (ErrorAlarm.c.o)
Chg_GetChgSt                      I   (ErrorAlarm.c.o)
Chg_GetDcLinkSt                   I   (ErrorAlarm.c.o)
DataStore_EnableErrorDataStore    I   (ErrorAlarm.c.o)
EE_LoadVar                        I   (ErrorAlarm.c.o)
Err_BatErrCode                    O   (ErrorAlarm.c.o)
Err_BatErrCodeBak                 O   (ErrorAlarm.c.o)
Err_BatSysErrCode                 O   (ErrorAlarm.c.o)
Err_BatSysErrCodeBak              O   (ErrorAlarm.c.o)
Err_Count                         F   (ErrorAlarm.c.o)
Err_DealHwErrDetail               F   (ErrorAlarm.c.o)
Err_GetAlarmThrhdVal              F   (ErrorAlarm.c.o)
Err_GetBatAllErrLevel             F   (ErrorAlarm.c.o)
Err_GetBatErrLevel                F   (ErrorAlarm.c.o)
Err_GetBatSysAllErrLevel          F   (ErrorAlarm.c.o)
Err_GetBatSysErrLevel             F   (ErrorAlarm.c.o)
Err_GetCellVHighThrd1             F   (ErrorAlarm.c.o)
Err_GetCellVLowThrd1              F   (ErrorAlarm.c.o)
Err_GetChgCurHighThrd1            F   (ErrorAlarm.c.o)
Err_GetDisChgCurHighThrd1         F   (ErrorAlarm.c.o)
Err_GetErrLevel                   F   (ErrorAlarm.c.o)
Err_GetHwAllErrLevel              F   (ErrorAlarm.c.o)
Err_GetHwErrDetail                F   (ErrorAlarm.c.o)
Err_GetHwErrLevel                 F   (ErrorAlarm.c.o)
Err_GetSocHighThrd1               F   (ErrorAlarm.c.o)
Err_GetSocLowThrd1                F   (ErrorAlarm.c.o)
Err_GetSumVHighThrd1              F   (ErrorAlarm.c.o)
Err_GetSumVLowThrd1               F   (ErrorAlarm.c.o)
Err_GetTHighThrd1                 F   (ErrorAlarm.c.o)
Err_GetTLowThrd1                  F   (ErrorAlarm.c.o)
Err_HwErrCode                     O   (ErrorAlarm.c.o)
Err_HwErrCodeBak                  O   (ErrorAlarm.c.o)
Err_HwErrCodeBmu                  O   (ErrorAlarm.c.o)
Err_HwErrDetail                   O   (ErrorAlarm.c.o)
Err_HwErrDetailBak                O   (ErrorAlarm.c.o)
Err_HwErrDetailBmu                O   (ErrorAlarm.c.o)
Err_HystrsCnt                     O   (ErrorAlarm.c.o)
Err_HystrsThrhd                   O   (ErrorAlarm.c.o)
Err_Init                          F   (ErrorAlarm.c.o)
Err_Main                          F   (ErrorAlarm.c.o)
Err_Thrhd                         O   (ErrorAlarm.c.o)
Err_TmCnt                         O   (ErrorAlarm.c.o)
Err_UpdateBatSysErrLevel          F   (ErrorAlarm.c.o)
Err_UpdateHwErrDetail             F   (ErrorAlarm.c.o)
Err_UpdateHwErrDetailFromCan      F   (ErrorAlarm.c.o)
Err_UpdateHwErrLevel              F   (ErrorAlarm.c.o)
Err_UpdateHwErrLevelFromCan       F   (ErrorAlarm.c.o)
IntCan_GetBmuMaxOutLineCnt        I   (ErrorAlarm.c.o)
SysConf_InitParaTable             I   (ErrorAlarm.c.o)
_BSHL                             I   (ErrorAlarm.c.o)
_BSHRU                            I   (ErrorAlarm.c.o)
_CASE_CHECKED                     I   (ErrorAlarm.c.o)
_CASE_CHECKED_BYTE                I   (ErrorAlarm.c.o)
gby_AssertErrorCnt                I   (ErrorAlarm.c.o)
gby_BatErrJudgeStep               O   (ErrorAlarm.c.o)
gby_ReadErrThrhd                  O   (ErrorAlarm.c.o)
