Units and locations in library 'E:\WorkFile-Lijh\Work\Plaform\Centralized\BHN02-BCU_C\lib\BHN02A_C_IntCan.lib'
Unit name        size     from       to
ExctCmd.c.o    139334      143   139477
IntCan.c.o     110112   139477   249589

EXPORTED OBJECTS
ATB_GoIntoBoot                         I   (IntCan.c.o)
Actor_CtrlDo                           I   (IntCan.c.o)
Actor_CtrlRelay                        I   (IntCan.c.o)
Actor_GetDoSt                          I   (IntCan.c.o)
BalM_UpdateDataFromCan                 I   (IntCan.c.o)
BatSys_GetAuxASt                       I   (IntCan.c.o)
BatSys_GetAuxBSt                       I   (IntCan.c.o)
BatSys_GetChgRlySt                     I   (IntCan.c.o)
BatSys_GetCollisionSwitchSt            I   (IntCan.c.o)
BatSys_GetFanSpeed                     I   (IntCan.c.o)
BatSys_GetFanSt                        I   (IntCan.c.o)
BatSys_GetFaultDryContactSt            I   (IntCan.c.o)
BatSys_GetHeaterSt                     I   (IntCan.c.o)
BatSys_GetHumiditySensorSt             I   (IntCan.c.o)
BatSys_GetHvilSt                       I   (IntCan.c.o)
BatSys_GetIsoNegResistor               I   (IntCan.c.o)
BatSys_GetIsoPosResistor               I   (IntCan.c.o)
BatSys_GetLatchingMechanismSt          I   (IntCan.c.o)
BatSys_GetLiquidLevelSensorSt          I   (IntCan.c.o)
BatSys_GetMaintainSwitchSt             I   (IntCan.c.o)
BatSys_GetManualMaintenanceSwitchSt    I   (IntCan.c.o)
BatSys_GetNegRlySt                     I   (IntCan.c.o)
BatSys_GetPosRlySt                     I   (IntCan.c.o)
BatSys_GetPreChgTime                   I   (IntCan.c.o)
BatSys_GetPreRlySt                     I   (IntCan.c.o)
BatSys_GetPressureSensorSt             I   (IntCan.c.o)
BatSys_GetRunMode                      I   (IntCan.c.o)
BatSys_GetSmokeDetectorSt              I   (IntCan.c.o)
BatSys_UpdateAllPackFanSt              I   (IntCan.c.o)
BatSys_UpdateAllPackHeaterSt           I   (IntCan.c.o)
Bat_GetAccumulateChgAh                 I   (IntCan.c.o)
Bat_GetAccumulateDchgAh                I   (IntCan.c.o)
Bat_GetActualCapacityCalc              I   (IntCan.c.o)
Bat_GetBatNum                          I   (IntCan.c.o)
Bat_GetBmuNum                          I   (IntCan.c.o)
Bat_GetCellV                           I   (IntCan.c.o)
Bat_GetCurrent                         I   (IntCan.c.o)
Bat_GetMainBalanceSt                   I   (IntCan.c.o)
Bat_GetMaxFeedBackCur                  I   (IntCan.c.o)
Bat_GetMaxPermitDchCur                 I   (IntCan.c.o)
Bat_GetMaxR                            I   (IntCan.c.o)
Bat_GetMaxRTotalNo                     I   (IntCan.c.o)
Bat_GetMaxT                            I   (IntCan.c.o)
Bat_GetMaxTTotalNo                     I   (IntCan.c.o)
Bat_GetMaxV                            I   (IntCan.c.o)
Bat_GetMaxVTotalNo                     I   (IntCan.c.o)
Bat_GetMinR                            I   (IntCan.c.o)
Bat_GetMinRTotalNo                     I   (IntCan.c.o)
Bat_GetMinT                            I   (IntCan.c.o)
Bat_GetMinTTotalNo                     I   (IntCan.c.o)
Bat_GetMinV                            I   (IntCan.c.o)
Bat_GetMinVTotalNo                     I   (IntCan.c.o)
Bat_GetPackSerialNum                   I   (IntCan.c.o)
Bat_GetPackTemperNum                   I   (IntCan.c.o)
Bat_GetSOC                             I   (ExctCmd.c.o)
Bat_GetSOC                             I   (IntCan.c.o)
Bat_GetSoh                             I   (IntCan.c.o)
Bat_GetSumV                            I   (IntCan.c.o)
Bat_GetTemper                          I   (IntCan.c.o)
Bat_GetTemperNum                       I   (IntCan.c.o)
Bat_GetTotalIntRes                     I   (IntCan.c.o)
Bat_UpdateAccumulateChgAh              I   (IntCan.c.o)
Bat_UpdateAccumulateDchgAh             I   (IntCan.c.o)
Bat_UpdateBatNum                       I   (IntCan.c.o)
Bat_UpdateBmuNum                       I   (IntCan.c.o)
Bat_UpdateCellBalanceSt                I   (IntCan.c.o)
Bat_UpdateCellV                        I   (IntCan.c.o)
Bat_UpdateChipNum                      I   (IntCan.c.o)
Bat_UpdateCurrent                      I   (IntCan.c.o)
Bat_UpdatePackBalSt                    I   (IntCan.c.o)
Bat_UpdatePackMaxR                     I   (IntCan.c.o)
Bat_UpdatePackMaxRNo                   I   (IntCan.c.o)
Bat_UpdatePackMaxT                     I   (IntCan.c.o)
Bat_UpdatePackMaxTNo                   I   (IntCan.c.o)
Bat_UpdatePackMaxV                     I   (IntCan.c.o)
Bat_UpdatePackMaxVNo                   I   (IntCan.c.o)
Bat_UpdatePackMinRNo                   I   (IntCan.c.o)
Bat_UpdatePackMinT                     I   (IntCan.c.o)
Bat_UpdatePackMinTNo                   I   (IntCan.c.o)
Bat_UpdatePackMinV                     I   (IntCan.c.o)
Bat_UpdatePackMinVNo                   I   (IntCan.c.o)
Bat_UpdatePackSerialNum                I   (IntCan.c.o)
Bat_UpdatePackSumV                     I   (IntCan.c.o)
Bat_UpdatePackTemperNum                I   (IntCan.c.o)
Bat_UpdatePwr                          I   (IntCan.c.o)
Bat_UpdateSOC                          I   (ExctCmd.c.o)
Bat_UpdateSoh                          I   (ExctCmd.c.o)
Bat_UpdateSumV                         I   (IntCan.c.o)
Bat_UpdateTemper                       I   (IntCan.c.o)
Bat_UpdateTemperNum                    I   (IntCan.c.o)
BmsSys_GetAlarmSt                      I   (IntCan.c.o)
BmsSys_GetBusLoadRate                  I   (IntCan.c.o)
BmsSys_GetCarCanBusSt                  I   (IntCan.c.o)
BmsSys_GetChgBalanceModuleSt           I   (IntCan.c.o)
BmsSys_GetChgCanBusSt                  I   (IntCan.c.o)
BmsSys_GetClockSt                      I   (IntCan.c.o)
BmsSys_GetCurrentDetectModuleSt        I   (IntCan.c.o)
BmsSys_GetDchgBalanceModuleSt          I   (IntCan.c.o)
BmsSys_GetExtEeSt                      I   (IntCan.c.o)
BmsSys_GetExtFlashSt                   I   (IntCan.c.o)
BmsSys_GetExternSumvDetectModuleSt     I   (IntCan.c.o)
BmsSys_GetIntCanBusSt                  I   (IntCan.c.o)
BmsSys_GetIntSumvDetectModueleSt       I   (IntCan.c.o)
BmsSys_GetIsoDetectModuleSt            I   (IntCan.c.o)
BmsSys_GetK15St                        I   (IntCan.c.o)
BmsSys_GetK30Volt                      I   (IntCan.c.o)
BmsSys_GetOffBDChgSt                   I   (IntCan.c.o)
BmsSys_GetOnBDChgSt                    I   (IntCan.c.o)
BmsSys_GetPowerOffTime                 I   (IntCan.c.o)
BmsSys_GetSystemTime                   I   (IntCan.c.o)
BmsSys_GetTemperDetectModuleSt         I   (IntCan.c.o)
BmsSys_GetVoltageDetectModuleSt        I   (IntCan.c.o)
BmsSys_UpdateBmuAi1St                  I   (IntCan.c.o)
BmsSys_UpdateBmuDi1St                  I   (IntCan.c.o)
BmsSys_UpdateBmuDo1St                  I   (IntCan.c.o)
CCR_reg                                I   (IntCan.c.o)
CanIf_GetRxBufferLength                I   (IntCan.c.o)
CanIf_Init                             I   (IntCan.c.o)
CanIf_RequestSend                      I   (IntCan.c.o)
CanIf_RxIndication                     I   (IntCan.c.o)
CanIf_SetAcceptanceMaskCode            I   (IntCan.c.o)
CanTpMsgRx                             I   (ExctCmd.c.o)
CanTpMsgRx                             O   (IntCan.c.o)
CanTpMsgTx                             I   (ExctCmd.c.o)
CanTpMsgTx                             O   (IntCan.c.o)
CanTp_CopyDataToBuf                    I   (IntCan.c.o)
CanTp_EventRx                          I   (IntCan.c.o)
CanTp_MainTx                           I   (IntCan.c.o)
Chg_GetAcLinkSt                        I   (IntCan.c.o)
Chg_GetAccumulatedChgTime              I   (IntCan.c.o)
Chg_GetBmsStopReason                   I   (IntCan.c.o)
Chg_GetCableCap                        I   (IntCan.c.o)
Chg_GetCc2Volt                         I   (IntCan.c.o)
Chg_GetCcVolt                          I   (IntCan.c.o)
Chg_GetChargerFault                    I   (IntCan.c.o)
Chg_GetChargerSt                       I   (IntCan.c.o)
Chg_GetChargerStopReason               I   (IntCan.c.o)
Chg_GetChgSt                           I   (IntCan.c.o)
Chg_GetChgStage                        I   (IntCan.c.o)
Chg_GetCpDutyCycle                     I   (IntCan.c.o)
Chg_GetDcLinkSt                        I   (IntCan.c.o)
Chg_GetDownCurrentStep                 I   (IntCan.c.o)
Chg_GetOutPutCurrent                   I   (IntCan.c.o)
Chg_GetOutPutEnergy                    I   (IntCan.c.o)
Chg_GetOutPutVoltage                   I   (IntCan.c.o)
Chg_GetPermitChgCurExt                 I   (IntCan.c.o)
Chg_GetPermitChgCurOn                  I   (IntCan.c.o)
Chg_GetPermitChgExtSt                  I   (IntCan.c.o)
Chg_GetPermitChgOnSt                   I   (IntCan.c.o)
Chg_GetPermitMaxCellV                  I   (IntCan.c.o)
Chg_GetPermitMaxSumV                   I   (IntCan.c.o)
Chg_GetPermitMaxT                      I   (IntCan.c.o)
Chg_GetPermitMinCurrent                I   (IntCan.c.o)
Chg_GetRemainChgTime                   I   (IntCan.c.o)
ClockIf_ReadTime                       I   (ExctCmd.c.o)
ClockIf_WriteTime                      I   (ExctCmd.c.o)
Cpu_Delay100US                         I   (ExctCmd.c.o)
Cpu_Delay100US                         I   (IntCan.c.o)
CurDet_ClbCurCurChnGain                I   (IntCan.c.o)
CurDet_ClbCurCurChnOffset              I   (IntCan.c.o)
CurDet_ClbCurVolChnGain                I   (IntCan.c.o)
CurDet_ClbCurVolChnOffset              I   (IntCan.c.o)
CurDet_InitCurDet                      I   (IntCan.c.o)
CurDet_UpdateAhCalcThrhd               I   (IntCan.c.o)
CurDet_UpdateGainAndOffset             I   (IntCan.c.o)
CurrentIf_RdCur                        I   (IntCan.c.o)
DataStore_EraseFlash                   I   (IntCan.c.o)
DataStore_ReadAndTxData                I   (IntCan.c.o)
DoIf_Ctrl                              I   (IntCan.c.o)
EE_LoadVar                             I   (ExctCmd.c.o)
EE_SaveVarForCalib                     I   (ExctCmd.c.o)
Err_DealHwErrDetail                    I   (IntCan.c.o)
Err_GetBatAllErrLevel                  I   (IntCan.c.o)
Err_GetBatSysAllErrLevel               I   (IntCan.c.o)
Err_GetHwAllErrLevel                   I   (IntCan.c.o)
Err_GetHwErrDetail                     I   (ExctCmd.c.o)
Err_UpdateHwErrLevelFromCan            I   (IntCan.c.o)
IntCan_AddTestData                     I   (IntCan.c.o)
IntCan_BroadCastMsg                    O   (IntCan.c.o)
IntCan_CountCbk                        F   (IntCan.c.o)
IntCan_CtrlSlaveRelay                  F   (IntCan.c.o)
IntCan_EnOrDisEventMsg                 F   (IntCan.c.o)
IntCan_EnOrDisSendMsg                  F   (IntCan.c.o)
IntCan_EventMsg                        O   (IntCan.c.o)
IntCan_GetBmuMaxOutLineCnt             F   (IntCan.c.o)
IntCan_GetBmuOutLineCnt                F   (IntCan.c.o)
IntCan_GetSelfConfRecvMsg0             F   (IntCan.c.o)
IntCan_GetSelfConfRecvMsg1             F   (IntCan.c.o)
IntCan_GetSelfConfRecvMsg2             F   (IntCan.c.o)
IntCan_GetTestModeSt                   F   (IntCan.c.o)
IntCan_Init                            F   (IntCan.c.o)
IntCan_LoadMsgData                     F   (IntCan.c.o)
IntCan_LocalEcuInfo                    O   (IntCan.c.o)
IntCan_MainMsg                         O   (IntCan.c.o)
IntCan_MainProcess                     F   (IntCan.c.o)
IntCan_MainReceiveMsg                  F   (IntCan.c.o)
IntCan_MainSendMsg                     F   (IntCan.c.o)
IntCan_ModeCtrl                        O   (IntCan.c.o)
IntCan_ModifyBroacastMsgPeriod         F   (IntCan.c.o)
IntCan_ModifyMainMsgPeriod             F   (IntCan.c.o)
IntCan_Msg_Temper_Start_Sa             O   (IntCan.c.o)
IntCan_Msg_Vol_Start_Sa                O   (IntCan.c.o)
IntCan_PauseSendMsgCtrl                O   (IntCan.c.o)
IntCan_ProcMsg                         F   (IntCan.c.o)
IntCan_RecvBroadCastInfo               O   (IntCan.c.o)
IntCan_SelfConfMsg                     O   (IntCan.c.o)
IntCan_SendBalCmd                      F   (IntCan.c.o)
IntCan_SendSlaveRlySt                  O   (IntCan.c.o)
IntCan_StaticSet                       I   (IntCan.c.o)
IntCan_TempMsg_Send_En                 O   (IntCan.c.o)
IntCan_TemperMsg                       O   (IntCan.c.o)
IntCan_TestModeExitCheck               F   (IntCan.c.o)
IntCan_VoltMsg                         O   (IntCan.c.o)
IntCan_VoltMsg_Send_En                 O   (IntCan.c.o)
IntCan_WrTestFrameToBuff               F   (IntCan.c.o)
LvM_GetBcuShutDownEn                   I   (IntCan.c.o)
Prj_UpdateRecvFirFrame                 I   (IntCan.c.o)
RD_BCUBatPackInfo1                     F   (ExctCmd.c.o)
RD_BCUBatPackInfo1                     I   (IntCan.c.o)
RD_BCUBatPackInfo2                     F   (ExctCmd.c.o)
RD_BCUBatPackInfo2                     I   (IntCan.c.o)
RD_BCUBatPackInfo3                     F   (ExctCmd.c.o)
RD_BCUBatPackInfo3                     I   (IntCan.c.o)
RD_BCUBatPackInfo4                     F   (ExctCmd.c.o)
RD_BCUBatPackInfo4                     I   (IntCan.c.o)
RD_BCUBatsysInfo1                      F   (ExctCmd.c.o)
RD_BCUBatsysInfo1                      I   (IntCan.c.o)
RD_BCUBatsysInfo2                      F   (ExctCmd.c.o)
RD_BCUBatsysInfo2                      I   (IntCan.c.o)
RD_BCUBatsysInfo3                      F   (ExctCmd.c.o)
RD_BCUBatsysInfo3                      I   (IntCan.c.o)
RD_BCUCellNumPerChip                   F   (ExctCmd.c.o)
RD_BCUCellNumPerChip                   I   (IntCan.c.o)
RD_BCUCellvNum                         F   (ExctCmd.c.o)
RD_BCUCellvNum                         I   (IntCan.c.o)
RD_BCUCellvStartNo                     F   (ExctCmd.c.o)
RD_BCUCellvStartNo                     I   (IntCan.c.o)
RD_BCUCfgUpdate                        F   (ExctCmd.c.o)
RD_BCUCfgUpdate                        I   (IntCan.c.o)
RD_BCUCfgVer                           F   (ExctCmd.c.o)
RD_BCUCfgVer                           I   (IntCan.c.o)
RD_BCUChargeControl                    F   (ExctCmd.c.o)
RD_BCUChargeControl                    I   (IntCan.c.o)
RD_BCUFusePos                          F   (ExctCmd.c.o)
RD_BCUFusePos                          I   (IntCan.c.o)
RD_BCUHeatControl                      F   (ExctCmd.c.o)
RD_BCUHeatControl                      I   (IntCan.c.o)
RD_BCUHistoryAvrgTemperArea            F   (ExctCmd.c.o)
RD_BCUHistoryAvrgTemperArea            I   (IntCan.c.o)
RD_BCUHistoryCapacityInfo              F   (ExctCmd.c.o)
RD_BCUHistoryCapacityInfo              I   (IntCan.c.o)
RD_BCUHistoryCellvInfo                 F   (ExctCmd.c.o)
RD_BCUHistoryCellvInfo                 I   (IntCan.c.o)
RD_BCUHistoryCurrentArea               F   (ExctCmd.c.o)
RD_BCUHistoryCurrentArea               I   (IntCan.c.o)
RD_BCUHistoryDetTemperArea             F   (ExctCmd.c.o)
RD_BCUHistoryDetTemperArea             I   (IntCan.c.o)
RD_BCUHistoryHighTemperArea            F   (ExctCmd.c.o)
RD_BCUHistoryHighTemperArea            I   (IntCan.c.o)
RD_BCUHistoryLowTemperArea             F   (ExctCmd.c.o)
RD_BCUHistoryLowTemperArea             I   (IntCan.c.o)
RD_BCUHistoryPowerInfo                 F   (ExctCmd.c.o)
RD_BCUHistoryPowerInfo                 I   (IntCan.c.o)
RD_BCUHistorySocInfo                   F   (ExctCmd.c.o)
RD_BCUHistorySocInfo                   I   (IntCan.c.o)
RD_BCUHistoryTemperInfo                F   (ExctCmd.c.o)
RD_BCUHistoryTemperInfo                I   (IntCan.c.o)
RD_BCURatesCapActualCap                F   (ExctCmd.c.o)
RD_BCURatesCapActualCap                I   (IntCan.c.o)
RD_BCUSoc                              F   (ExctCmd.c.o)
RD_BCUSoc                              I   (IntCan.c.o)
RD_BCUSoh                              F   (ExctCmd.c.o)
RD_BCUSoh                              I   (IntCan.c.o)
RD_BCUSysconfProductNo                 F   (ExctCmd.c.o)
RD_BCUSysconfProductNo                 I   (IntCan.c.o)
RD_BCUSystemClock                      F   (ExctCmd.c.o)
RD_BCUSystemClock                      I   (IntCan.c.o)
RD_BCUTemperNum                        F   (ExctCmd.c.o)
RD_BCUTemperNum                        I   (IntCan.c.o)
RD_BCUTemperStartNo                    F   (ExctCmd.c.o)
RD_BCUTemperStartNo                    I   (IntCan.c.o)
RD_BCUThrhdLvl1                        F   (ExctCmd.c.o)
RD_BCUThrhdLvl1                        I   (IntCan.c.o)
RD_BCUThrhdLvl2                        F   (ExctCmd.c.o)
RD_BCUThrhdLvl2                        I   (IntCan.c.o)
RD_BCUThrhdLvl3                        F   (ExctCmd.c.o)
RD_BCUThrhdLvl3                        I   (IntCan.c.o)
RD_BCUVehiclePlate                     F   (ExctCmd.c.o)
RD_BCUVehiclePlate                     I   (IntCan.c.o)
RD_GetHardwareVer                      F   (ExctCmd.c.o)
RD_GetHardwareVer                      I   (IntCan.c.o)
RD_GetModuleVer                        F   (ExctCmd.c.o)
RD_GetModuleVer                        I   (IntCan.c.o)
RD_GetPlatVer                          F   (ExctCmd.c.o)
RD_GetPlatVer                          I   (IntCan.c.o)
RD_GetProjectVer                       F   (ExctCmd.c.o)
RD_GetProjectVer                       I   (IntCan.c.o)
RD_HDErrInfo1                          F   (ExctCmd.c.o)
RD_HDErrInfo1                          I   (IntCan.c.o)
RD_HDErrInfo2                          F   (ExctCmd.c.o)
RD_HDErrInfo2                          I   (IntCan.c.o)
RD_HDErrInfo3                          F   (ExctCmd.c.o)
RD_HDErrInfo3                          I   (IntCan.c.o)
RD_HDErrInfo4                          F   (ExctCmd.c.o)
RD_HDErrInfo4                          I   (IntCan.c.o)
RD_HDErrInfo5                          F   (ExctCmd.c.o)
RD_HDErrInfo5                          I   (IntCan.c.o)
RD_HDErrInfo6                          F   (ExctCmd.c.o)
RD_HDErrInfo6                          I   (IntCan.c.o)
RD_HDErrInfo7                          F   (ExctCmd.c.o)
RD_HDErrInfo7                          I   (IntCan.c.o)
RD_QrCodeInfo                          F   (ExctCmd.c.o)
RD_QrCodeInfo                          I   (IntCan.c.o)
RunModem_SwitchModeTo                  I   (IntCan.c.o)
Sensor_GetAiSt                         I   (IntCan.c.o)
Sensor_GetDiSt                         I   (IntCan.c.o)
SumvDet_UpdateGainAndOffset            I   (IntCan.c.o)
SumvDet_UpdateRunStep                  I   (IntCan.c.o)
SumvIf_RdAd                            I   (IntCan.c.o)
SumvIf_StartConvert                    I   (IntCan.c.o)
SysConf_GetParaValueFromRam            I   (ExctCmd.c.o)
SysConf_GetParaValueFromRam            I   (IntCan.c.o)
SysConf_UpdataParaToRam                I   (ExctCmd.c.o)
Version_GetModuleVer                   I   (ExctCmd.c.o)
Version_GetPlatformHwVer               I   (ExctCmd.c.o)
Version_GetPlatformVer                 I   (ExctCmd.c.o)
Version_GetProjectVer                  I   (ExctCmd.c.o)
Version_SearchModule                   I   (ExctCmd.c.o)
WR_BCUBatPackInfo1                     F   (ExctCmd.c.o)
WR_BCUBatPackInfo1                     I   (IntCan.c.o)
WR_BCUBatPackInfo2                     F   (ExctCmd.c.o)
WR_BCUBatPackInfo2                     I   (IntCan.c.o)
WR_BCUBatPackInfo3                     F   (ExctCmd.c.o)
WR_BCUBatPackInfo3                     I   (IntCan.c.o)
WR_BCUBatPackInfo4                     F   (ExctCmd.c.o)
WR_BCUBatPackInfo4                     I   (IntCan.c.o)
WR_BCUCellNumPerChip                   F   (ExctCmd.c.o)
WR_BCUCellNumPerChip                   I   (IntCan.c.o)
WR_BCUCellvNum                         F   (ExctCmd.c.o)
WR_BCUCellvNum                         I   (IntCan.c.o)
WR_BCUCellvStartNo                     F   (ExctCmd.c.o)
WR_BCUCellvStartNo                     I   (IntCan.c.o)
WR_BCUCfgUpdate                        F   (ExctCmd.c.o)
WR_BCUCfgUpdate                        I   (IntCan.c.o)
WR_BCUCfgVer                           F   (ExctCmd.c.o)
WR_BCUCfgVer                           I   (IntCan.c.o)
WR_BCUChargeControl                    F   (ExctCmd.c.o)
WR_BCUChargeControl                    I   (IntCan.c.o)
WR_BCUFusePos                          F   (ExctCmd.c.o)
WR_BCUFusePos                          I   (IntCan.c.o)
WR_BCUHeatControl                      F   (ExctCmd.c.o)
WR_BCUHeatControl                      I   (IntCan.c.o)
WR_BCUHistoryAvrgTemperArea            F   (ExctCmd.c.o)
WR_BCUHistoryAvrgTemperArea            I   (IntCan.c.o)
WR_BCUHistoryCapacityInfo              F   (ExctCmd.c.o)
WR_BCUHistoryCapacityInfo              I   (IntCan.c.o)
WR_BCUHistoryCellvInfo                 F   (ExctCmd.c.o)
WR_BCUHistoryCellvInfo                 I   (IntCan.c.o)
WR_BCUHistoryCurrentArea               F   (ExctCmd.c.o)
WR_BCUHistoryCurrentArea               I   (IntCan.c.o)
WR_BCUHistoryDetTemperArea             F   (ExctCmd.c.o)
WR_BCUHistoryDetTemperArea             I   (IntCan.c.o)
WR_BCUHistoryHighTemperArea            F   (ExctCmd.c.o)
WR_BCUHistoryHighTemperArea            I   (IntCan.c.o)
WR_BCUHistoryLowTemperArea             F   (ExctCmd.c.o)
WR_BCUHistoryLowTemperArea             I   (IntCan.c.o)
WR_BCUHistoryPowerInfo                 F   (ExctCmd.c.o)
WR_BCUHistoryPowerInfo                 I   (IntCan.c.o)
WR_BCUHistorySocInfo                   F   (ExctCmd.c.o)
WR_BCUHistorySocInfo                   I   (IntCan.c.o)
WR_BCUHistoryTemperInfo                F   (ExctCmd.c.o)
WR_BCUHistoryTemperInfo                I   (IntCan.c.o)
WR_BCURatesCapActualCap                F   (ExctCmd.c.o)
WR_BCURatesCapActualCap                I   (IntCan.c.o)
WR_BCUSoc                              F   (ExctCmd.c.o)
WR_BCUSoc                              I   (IntCan.c.o)
WR_BCUSoh                              F   (ExctCmd.c.o)
WR_BCUSoh                              I   (IntCan.c.o)
WR_BCUSysconfProductNo                 F   (ExctCmd.c.o)
WR_BCUSysconfProductNo                 I   (IntCan.c.o)
WR_BCUSystemClock                      F   (ExctCmd.c.o)
WR_BCUSystemClock                      I   (IntCan.c.o)
WR_BCUTemperNum                        F   (ExctCmd.c.o)
WR_BCUTemperNum                        I   (IntCan.c.o)
WR_BCUTemperStartNo                    F   (ExctCmd.c.o)
WR_BCUTemperStartNo                    I   (IntCan.c.o)
WR_BCUThrhdLvl1                        F   (ExctCmd.c.o)
WR_BCUThrhdLvl1                        I   (IntCan.c.o)
WR_BCUThrhdLvl2                        F   (ExctCmd.c.o)
WR_BCUThrhdLvl2                        I   (IntCan.c.o)
WR_BCUThrhdLvl3                        F   (ExctCmd.c.o)
WR_BCUThrhdLvl3                        I   (IntCan.c.o)
WR_BCUVehiclePlate                     F   (ExctCmd.c.o)
WR_BCUVehiclePlate                     I   (IntCan.c.o)
WR_QrCodeInfo                          F   (ExctCmd.c.o)
WR_QrCodeInfo                          I   (IntCan.c.o)
WdgIf_Trig                             I   (IntCan.c.o)
Xgate_CpuSetRealTimeRdEn               I   (IntCan.c.o)
_BSHRU                                 I   (IntCan.c.o)
_CASE_CHECKED                          I   (IntCan.c.o)
_CASE_CHECKED_BYTE                     I   (IntCan.c.o)
_CASE_DIRECT_BYTE                      I   (IntCan.c.o)
_CASE_SEARCH_8                         I   (IntCan.c.o)
_COPY                                  I   (IntCan.c.o)
_LDIVU                                 I   (ExctCmd.c.o)
_LDIVU                                 I   (IntCan.c.o)
_LMULU16x32                            I   (ExctCmd.c.o)
_LMULU16x32                            I   (IntCan.c.o)
_PORTAB                                I   (IntCan.c.o)
app_request_boot                       O   (IntCan.c.o)
ctrl_relay_cmd                         O   (ExctCmd.c.o)
gby_IntCanErrUpdateDataOnce            O   (IntCan.c.o)
gby_data                               O   (ExctCmd.c.o)
gby_data_bak                           O   (ExctCmd.c.o)
gby_i                                  O   (ExctCmd.c.o)
gby_length                             O   (ExctCmd.c.o)
gby_ptr_by                             O   (ExctCmd.c.o)
gby_rslt                               O   (ExctCmd.c.o)
gby_wtmp                               O   (ExctCmd.c.o)
gwd_IntCanErrCnt                       O   (IntCan.c.o)
gwd_result                             O   (IntCan.c.o)
gwd_sys_cellv                          O   (IntCan.c.o)
version_code                           O   (ExctCmd.c.o)
wdi_PutVal                             I   (IntCan.c.o)
