Units and locations in library 'E:\WorkFile-Lijh\Work\Plaform\Centralized\BHN02-BCU_C\lib\BHN02A_C_Cellv.lib'
Unit name         size     from       to
CellvDet.c.o     29427      142    29569

EXPORTED OBJECTS
Bat_GetBmuNum                  I   (CellvDet.c.o)
Bat_UpdateCellV                I   (CellvDet.c.o)
Bat_UpdateTemper               I   (CellvDet.c.o)
CellvDetDet_Init               F   (CellvDet.c.o)
CellvDetDet_MainCountCbk       F   (CellvDet.c.o)
CellvDet_MainCbk               F   (CellvDet.c.o)
CellvDet_TmCnt                 O   (CellvDet.c.o)
CellvErrCnt                    O   (CellvDet.c.o)
CellvIf_ActiveBalSw            I   (CellvDet.c.o)
CellvIf_CtrlBalanceSw          I   (CellvDet.c.o)
CellvIf_Init                   I   (CellvDet.c.o)
CellvIf_RdAuxValue             I   (CellvDet.c.o)
CellvIf_RdValue                I   (CellvDet.c.o)
CellvIf_StartAdAxCvnt          I   (CellvDet.c.o)
CellvIf_StartCnvt              I   (CellvDet.c.o)
Err_GetHwErrDetail             I   (CellvDet.c.o)
Err_UpdateHwErrDetail          I   (CellvDet.c.o)
Err_UpdateHwErrLevel           I   (CellvDet.c.o)
Gby_Ic_Num                     O   (CellvDet.c.o)
LT_V_T_10K                     O   (CellvDet.c.o)
Lt_NtcTemperBak                O   (CellvDet.c.o)
Lt_Ntc_Cont                    O   (CellvDet.c.o)
RdAuxValue_Err_Cont            O   (CellvDet.c.o)
SysConf_GetParaValueFromRam    I   (CellvDet.c.o)
_BSHL                          I   (CellvDet.c.o)
_CASE_CHECKED                  I   (CellvDet.c.o)
_ISHL                          I   (CellvDet.c.o)
gby_BalCheckStep               O   (CellvDet.c.o)
gby_BalCircuitCheckCnt         O   (CellvDet.c.o)
gby_BalFaultCnt                O   (CellvDet.c.o)
gby_OpenWireChkStep            O   (CellvDet.c.o)
gby_Volt_PackErrFlag           O   (CellvDet.c.o)
gby_Volt_PackErrFlag1          O   (CellvDet.c.o)
gby_Volt_ReadCnt               O   (CellvDet.c.o)
gby_test_flag                  O   (CellvDet.c.o)
gwd_BalFaultPos                O   (CellvDet.c.o)
gwd_OpenWirePos                O   (CellvDet.c.o)
gwd_Volt_Bak                   O   (CellvDet.c.o)
