Units and locations in library 'E:\WorkFile-Lijh\Work\Plaform\Centralized\BHN02-BCU\lib\BHN02A_C_IsoDet.lib'
Unit name       size     from       to
IsoDet.c.o     35746      141    35887

EXPORTED OBJECTS
Bat_GetSumV                 I   (IsoDet.c.o)
Err_UpdateBatSysErrLevel    I   (IsoDet.c.o)
Err_UpdateHwErrDetail       I   (IsoDet.c.o)
IsoDet_CaclIsoR             F   (IsoDet.c.o)
IsoDet_CnstSumvArray        I   (IsoDet.c.o)
IsoDet_CnstThrehTable       I   (IsoDet.c.o)
IsoDet_Curve                O   (IsoDet.c.o)
IsoDet_ExtMode1Judge        F   (IsoDet.c.o)
IsoDet_ExtMode2Judge        F   (IsoDet.c.o)
IsoDet_Init                 F   (IsoDet.c.o)
IsoDet_Judge                F   (IsoDet.c.o)
IsoDet_MainCbk              F   (IsoDet.c.o)
IsoDet_MainCountCbk         F   (IsoDet.c.o)
IsoDet_PrjConf              I   (IsoDet.c.o)
IsoDet_TmCnt                O   (IsoDet.c.o)
IsoIf_ChangeMosMode         I   (IsoDet.c.o)
IsoIf_CloseMos              I   (IsoDet.c.o)
IsoIf_Init                  I   (IsoDet.c.o)
IsoIf_OpenMos               I   (IsoDet.c.o)
IsoIf_RdAdValue             I   (IsoDet.c.o)
_LDIVU                      I   (IsoDet.c.o)
_LMULU16x32                 I   (IsoDet.c.o)
gain_insr                   O   (IsoDet.c.o)
gain_insr1                  O   (IsoDet.c.o)
gby_ChangeModeBak           O   (IsoDet.c.o)
gby_ChangeModeDelayFlag     O   (IsoDet.c.o)
gby_ErrLevelNum             O   (IsoDet.c.o)
gby_ErrcntIso100            O   (IsoDet.c.o)
gby_ErrcntIso500            O   (IsoDet.c.o)
gby_InitFlag                O   (IsoDet.c.o)
gby_IsoFlagTst              O   (IsoDet.c.o)
gby_SwitchMosCnt            O   (IsoDet.c.o)
gby_flag_iso_mode           I   (IsoDet.c.o)
gby_flag_mos_neg            I   (IsoDet.c.o)
gby_flag_mos_pos            I   (IsoDet.c.o)
gby_flg_iso_cnt             I   (IsoDet.c.o)
gby_iso_location            O   (IsoDet.c.o)
gby_mode_convert_cnt        I   (IsoDet.c.o)
glwd_iso_rslt_neg           I   (IsoDet.c.o)
glwd_iso_rslt_pos           I   (IsoDet.c.o)
glwd_sumv_acc               I   (IsoDet.c.o)
gwd_ChangeModeWaitCnt       O   (IsoDet.c.o)
gwd_Iso_R                   O   (IsoDet.c.o)
gwd_gain_rslt               O   (IsoDet.c.o)
gwd_rslt                    I   (IsoDet.c.o)
gwd_rslt1                   O   (IsoDet.c.o)
gwd_sumv_NEG_ON             I   (IsoDet.c.o)
gwd_sumv_POS_ON             I   (IsoDet.c.o)
gwd_u_mode_NEG_ON           I   (IsoDet.c.o)
gwd_u_mode_POS_ON           I   (IsoDet.c.o)
