Units and locations in library 'E:\WorkFile-Lijh\Work\Plaform\Centralized\BHN02-BCU_C\lib\BHN02A_C_Cdd.lib'
Unit name          size     from       to
CellvIf.c.o       25645   101685   127330
ClockIf.c.o       17382      140    17522
CurrentIf.c.o     25707    17522    43229
IsoIf.c.o         18896    48760    67656
Iso_Lcfg.c.o       5531    43229    48760
SumvIf.c.o        21683    80002   101685
Sumv_Lcfg.c.o     12346    67656    80002

EXPORTED OBJECTS
AiIf_MeasureChannel           I   (Iso_Lcfg.c.o)
CPUCCS_PutVal                 I   (CurrentIf.c.o)
CPUCSCK_PutVal                I   (CurrentIf.c.o)
CPUCSI_PutVal                 I   (CurrentIf.c.o)
CPU_SUMV_SCL_PutVal           I   (Sumv_Lcfg.c.o)
CPU_SUMV_SDA_PutVal           I   (Sumv_Lcfg.c.o)
CPU_SUMV_SDA_SetDir           I   (Sumv_Lcfg.c.o)
CURPOWER_PutVal               I   (CurrentIf.c.o)
CellvIf_ActiveBalSw           F   (CellvIf.c.o)
CellvIf_CsOutPutHigh          F   (CellvIf.c.o)
CellvIf_CsOutPutLow           F   (CellvIf.c.o)
CellvIf_CtrlBalanceSw         F   (CellvIf.c.o)
CellvIf_GetCellvCrcErrCnt     F   (CellvIf.c.o)
CellvIf_GetTemperCrcErrCnt    F   (CellvIf.c.o)
CellvIf_Init                  F   (CellvIf.c.o)
CellvIf_Pec15Calc             F   (CellvIf.c.o)
CellvIf_RdAuxReg              F   (CellvIf.c.o)
CellvIf_RdAuxValue            F   (CellvIf.c.o)
CellvIf_RdCvReg               F   (CellvIf.c.o)
CellvIf_RdValue               F   (CellvIf.c.o)
CellvIf_SpiData               F   (CellvIf.c.o)
CellvIf_SpiWrAndRd            F   (CellvIf.c.o)
CellvIf_SpiWrArray            F   (CellvIf.c.o)
CellvIf_StartAdAxCvnt         F   (CellvIf.c.o)
CellvIf_StartCnvt             F   (CellvIf.c.o)
CellvIf_WakeIdle              F   (CellvIf.c.o)
CellvIf_WrAndRdCfg            F   (CellvIf.c.o)
ClockIf_Init                  F   (ClockIf.c.o)
ClockIf_ReadTime              F   (ClockIf.c.o)
ClockIf_WriteTime             F   (ClockIf.c.o)
Config                        O   (CellvIf.c.o)
Cpu_Delay100US                I   (CellvIf.c.o)
Cpu_Delay100US                I   (CurrentIf.c.o)
Cpu_Delay100US                I   (SumvIf.c.o)
CurrentIf_CheckStatusReg      F   (CurrentIf.c.o)
CurrentIf_Check_ConfigReg     F   (CurrentIf.c.o)
CurrentIf_ClbCur              F   (CurrentIf.c.o)
CurrentIf_Init                F   (CurrentIf.c.o)
CurrentIf_RdCur               F   (CurrentIf.c.o)
ExternTimer_Sda_SetOutput     I   (ClockIf.c.o)
Gby_Ic_Num                    I   (CellvIf.c.o)
ISO_CTRL_NEG_PutVal           I   (IsoIf.c.o)
ISO_CTRL_POS_PutVal           I   (IsoIf.c.o)
ISO_POW_PutVal                I   (IsoIf.c.o)
IsoIf_ChangeMosMode           F   (IsoIf.c.o)
IsoIf_CloseMos                F   (IsoIf.c.o)
IsoIf_Init                    F   (IsoIf.c.o)
IsoIf_OpenMos                 F   (IsoIf.c.o)
IsoIf_PowerOff                F   (IsoIf.c.o)
IsoIf_PowerOn                 F   (IsoIf.c.o)
IsoIf_RdAdValue               F   (IsoIf.c.o)
Iso_GetNegAdValue             I   (IsoIf.c.o)
Iso_GetNegAdValue             F   (Iso_Lcfg.c.o)
Iso_GetPosAdValue             I   (IsoIf.c.o)
Iso_GetPosAdValue             F   (Iso_Lcfg.c.o)
LTC_CS_PutVal                 I   (CellvIf.c.o)
LTC_SPI_RecvChar              I   (CellvIf.c.o)
LTC_SPI_SendChar              I   (CellvIf.c.o)
SUMV_EXT_POW_PutVal           I   (Sumv_Lcfg.c.o)
SUMV_POW_PutVal               I   (Sumv_Lcfg.c.o)
Shadow_D                      I   (ClockIf.c.o)
SumvIf_CheckPower             F   (SumvIf.c.o)
SumvIf_Init                   F   (SumvIf.c.o)
SumvIf_RdAd                   F   (SumvIf.c.o)
SumvIf_StartConvert           F   (SumvIf.c.o)
Sumv_Operation                I   (SumvIf.c.o)
Sumv_Operation                O   (Sumv_Lcfg.c.o)
WdgIf_Trig                    I   (CurrentIf.c.o)
_BDIVMODU                     I   (ClockIf.c.o)
_BSHL                         I   (CellvIf.c.o)
_CASE_CHECKED                 I   (IsoIf.c.o)
_DDRCD                        I   (ClockIf.c.o)
_ISHRU                        I   (CellvIf.c.o)
_LCMP                         I   (SumvIf.c.o)
_LDEC                         I   (CurrentIf.c.o)
_LDIVU                        I   (IsoIf.c.o)
_LDIVU                        I   (SumvIf.c.o)
_LINC                         I   (CellvIf.c.o)
_LINC                         I   (SumvIf.c.o)
_LMULU16x32                   I   (SumvIf.c.o)
_LSHRU                        I   (SumvIf.c.o)
_PORTCD                       I   (ClockIf.c.o)
_PORTK                        I   (Sumv_Lcfg.c.o)
_PTJ                          I   (Sumv_Lcfg.c.o)
_PTS                          I   (CurrentIf.c.o)
cnst_cmd_cur                  O   (CurrentIf.c.o)
gby_RtcTime                   O   (ClockIf.c.o)
gby_flag_iso_mode             O   (IsoIf.c.o)
gby_flag_mos_neg              O   (IsoIf.c.o)
gby_flag_mos_pos              O   (IsoIf.c.o)
gby_flg_iso_cnt               O   (IsoIf.c.o)
gby_mode_convert_cnt          O   (IsoIf.c.o)
glwd_Cnt                      O   (CellvIf.c.o)
glwd_Cnt1                     O   (CellvIf.c.o)
glwd_Cnt2                     O   (CellvIf.c.o)
glwd_Cnt3                     O   (CellvIf.c.o)
glwd_iso_rslt_neg             O   (IsoIf.c.o)
glwd_iso_rslt_pos             O   (IsoIf.c.o)
glwd_sumv_acc                 O   (IsoIf.c.o)
gwd_Sumv_PowerVolt            O   (SumvIf.c.o)
gwd_Sumv_RefVolt_AD           O   (SumvIf.c.o)
gwd_rslt                      O   (IsoIf.c.o)
gwd_sumv_NEG_ON               O   (IsoIf.c.o)
gwd_sumv_POS_ON               O   (IsoIf.c.o)
gwd_u_mode_NEG_ON             O   (IsoIf.c.o)
gwd_u_mode_POS_ON             O   (IsoIf.c.o)
test_int                      O   (CurrentIf.c.o)
