Units and locations in library 'E:\WorkFile-Lijh\Work\Plaform\Centralized\BHN02-BCU\lib\BHN02A_C_Balance.lib'
Unit name       size     from       to
BalM-A.c.o      3729      142     3871
BalM-B.c.o      3661     3871     7532
BalM-D.c.o      3749     7532    11281
BalM-E.c.o     30261    11281    41542
BalM.c.o        7119    41542    48661

EXPORTED OBJECTS
BalM_BalCnt                          O   (BalM-E.c.o)
BalM_ConfigPara                      I   (BalM-E.c.o)
BalM_ConfigPara                      O   (BalM.c.o)
BalM_Ctrl                            O   (BalM-E.c.o)
BalM_Init                            F   (BalM.c.o)
BalM_Macro                           O   (BalM.c.o)
BalM_MainCbk                         F   (BalM.c.o)
BalM_MainCountCbk                    F   (BalM.c.o)
BalM_ModuleCbk                       F   (BalM-E.c.o)
BalM_ModuleCbk                       I   (BalM.c.o)
BalM_ModuleCountCbk                  F   (BalM-E.c.o)
BalM_ModuleCountCbk                  I   (BalM.c.o)
BalM_ModuleInit                      F   (BalM-E.c.o)
BalM_ModuleInit                      I   (BalM.c.o)
BalM_RxSla                           O   (BalM-E.c.o)
BalM_SocToOcv                        O   (BalM.c.o)
BalM_TmCnt                           O   (BalM-E.c.o)
BalM_UpdateDataFromCan               F   (BalM-E.c.o)
BatSys_GetPosRlySt                   I   (BalM-E.c.o)
BatSys_GetPreRlySt                   I   (BalM-E.c.o)
Bat_GetAvgV                          I   (BalM-E.c.o)
Bat_GetBatNum                        I   (BalM-E.c.o)
Bat_GetCellBalanceSt                 I   (BalM-E.c.o)
Bat_GetCellChgBalanceTimeTotal       I   (BalM-E.c.o)
Bat_GetCellDchBalanceTimeTotal       I   (BalM-E.c.o)
Bat_GetCurrent                       I   (BalM-E.c.o)
Bat_GetMaxV                          I   (BalM-E.c.o)
Bat_GetMinV                          I   (BalM-E.c.o)
Bat_GetPackBalSt                     I   (BalM-E.c.o)
Bat_GetRatedCapacityCalc             I   (BalM-E.c.o)
Bat_UpdateCellChgBalanceTimeTotal    I   (BalM-E.c.o)
Bat_UpdateCellDchBalanceTimeTotal    I   (BalM-E.c.o)
Bat_UpdateMainBalanceSt              I   (BalM-E.c.o)
BmsSys_CalcStandbyTime               I   (BalM-E.c.o)
BmsSys_GetAwakeSt                    I   (BalM-E.c.o)
Chg_GetChgSt                         I   (BalM-E.c.o)
Chg_GetChgStage                      I   (BalM-E.c.o)
EE_LoadVar                           I   (BalM-E.c.o)
EE_SaveVar                           I   (BalM-E.c.o)
Err_GetHwErrLevel                    I   (BalM-E.c.o)
IntCan_SendBalCmd                    I   (BalM-E.c.o)
Soc_ChgEndVolt                       O   (BalM.c.o)
SysConf_GetParaValueFromRam          I   (BalM-E.c.o)
WdgIf_Trig                           I   (BalM-E.c.o)
_LCMP                                I   (BalM-E.c.o)
_LCOM                                I   (BalM-E.c.o)
_LDIVU                               I   (BalM-E.c.o)
_LMULU16x32                          I   (BalM-E.c.o)
_LSHL                                I   (BalM-E.c.o)
_LSHRU                               I   (BalM-E.c.o)
