Units and locations in library 'E:\WorkFile-Lijh\Work\Plaform\Centralized\BHN02-BCU_C\lib\BHN02A_C_Cfg.lib'
Unit name        size     from       to
EcuConf.c.o      4168      140     4308
SysConf.c.o     31565     4308    35873
Version.c.o      9230    35873    45103

EXPORTED OBJECTS
ConfigUpdataInfo               O   (SysConf.c.o)
EE_LoadVar                     I   (SysConf.c.o)
Ecu_GetEcuSA                   F   (EcuConf.c.o)
Err_UpdateHwErrDetail          I   (SysConf.c.o)
Err_UpdateHwErrLevel           I   (SysConf.c.o)
GetModuleVerOperation          I   (Version.c.o)
ParameterAddrTable             O   (SysConf.c.o)
ParameterIndexTable            O   (SysConf.c.o)
PlatformHwVerDefPtr            I   (Version.c.o)
PlatformVerDefPtr              I   (Version.c.o)
ProgramUpdataInfo              O   (SysConf.c.o)
ProjectVerDefPtr               I   (Version.c.o)
SysConf_GetParaAddrInEE        F   (SysConf.c.o)
SysConf_GetParaHandle          F   (SysConf.c.o)
SysConf_GetParaValueFromRam    F   (SysConf.c.o)
SysConf_Init                   F   (SysConf.c.o)
SysConf_InitParaTable          F   (SysConf.c.o)
SysConf_UpdataParaToRam        F   (SysConf.c.o)
Version_GetModuleVer           F   (Version.c.o)
Version_GetPlatformHwVer       F   (Version.c.o)
Version_GetPlatformVer         F   (Version.c.o)
Version_GetProjectVer          F   (Version.c.o)
Version_GetVesionModuleVer     F   (Version.c.o)
Version_SearchModule           F   (Version.c.o)
VesionVerDefPtr                O   (Version.c.o)
Vesion_VerDef                  O   (Version.c.o)
_COPY                          I   (Version.c.o)
_LINC                          I   (SysConf.c.o)
gby_AssertErrorCnt             O   (EcuConf.c.o)
gby_para_BmuNumber             O   (SysConf.c.o)
gby_para_CellNumPerChip        O   (SysConf.c.o)
gby_para_CfgSt                 O   (SysConf.c.o)
gby_para_CfgVer                O   (SysConf.c.o)
gby_para_ChipNumber            O   (SysConf.c.o)
gby_para_ProductNO             O   (SysConf.c.o)
gby_para_RsvFor_0_4            O   (SysConf.c.o)
gby_para_RsvFor_12_20          O   (SysConf.c.o)
gby_para_chip_fuse_pos         O   (SysConf.c.o)
gwd_para_RsvBak_1              O   (SysConf.c.o)
gwd_para_RsvBak_10             O   (SysConf.c.o)
gwd_para_RsvBak_11             O   (SysConf.c.o)
gwd_para_RsvBak_2              O   (SysConf.c.o)
gwd_para_RsvBak_3              O   (SysConf.c.o)
gwd_para_RsvBak_4              O   (SysConf.c.o)
gwd_para_RsvBak_5              O   (SysConf.c.o)
gwd_para_RsvBak_6              O   (SysConf.c.o)
gwd_para_RsvBak_7              O   (SysConf.c.o)
gwd_para_RsvBak_8              O   (SysConf.c.o)
gwd_para_RsvBak_9              O   (SysConf.c.o)
qr_cd_infor                    O   (SysConf.c.o)
