Units and locations in library 'E:\WorkFile-Lijh\Work\Plaform\Centralized\BHN02-BCU\lib\BHN02A_C_Xgate.lib'
Unit name                       size     from       to
Xgate_AcCpIocSrv.cxgate.o      13864      140    14004
Xgate_ExtFlashSrv.cxgate.o     16288    14004    30292
Xgate_RealTimeSrv.cxgate.o     22343    30292    52635
Xgate_Time.cxgate.o             5691    52635    58326
Xgate_Vector.cxgate.o           7738    58326    66064

EXPORTED OBJECTS
MyData                                      O   (Xgate_Vector.cxgate.o)
Shadow_D                                    I   (Xgate_RealTimeSrv.cxgate.o)
Share_ExtFlashDataBuff                      I   (Xgate_ExtFlashSrv.cxgate.o)
Shared_ExtFlashData                         I   (Xgate_ExtFlashSrv.cxgate.o)
Shared_RealTime                             I   (Xgate_RealTimeSrv.cxgate.o)
XGATE_VectorTable                           O   (Xgate_Vector.cxgate.o)
Xgate_AcCp                                  O   (Xgate_AcCpIocSrv.cxgate.o)
Xgate_ExtFlashInfo                          O   (Xgate_ExtFlashSrv.cxgate.o)
Xgate_PTI1_Test                             O   (Xgate_Time.cxgate.o)
Xgate_RealTime                              O   (Xgate_RealTimeSrv.cxgate.o)
_DDRCD                                      I   (Xgate_RealTimeSrv.cxgate.o)
_ECT_TC5                                    I   (Xgate_AcCpIocSrv.cxgate.o)
_ECT_TCTL3                                  I   (Xgate_AcCpIocSrv.cxgate.o)
_ECT_TFLG1                                  I   (Xgate_AcCpIocSrv.cxgate.o)
_ECT_TIE                                    I   (Xgate_AcCpIocSrv.cxgate.o)
_PITTF                                      I   (Xgate_Time.cxgate.o)
_PORTCD                                     I   (Xgate_RealTimeSrv.cxgate.o)
_PTH                                        I   (Xgate_ExtFlashSrv.cxgate.o)
_XGSWT                                      I   (Xgate_ExtFlashSrv.cxgate.o)
__X_AC_CP_IOC_Enable                        F   (Xgate_AcCpIocSrv.cxgate.o)
__X_ErrorHandler                            F   (Xgate_Vector.cxgate.o)
__X_LDIVU                                   I   (Xgate_AcCpIocSrv.cxgate.o)
__X_LLSL                                    I   (Xgate_ExtFlashSrv.cxgate.o)
__X_LMULU                                   I   (Xgate_AcCpIocSrv.cxgate.o)
__X_SoftwareTrigger0_Handler                F   (Xgate_Vector.cxgate.o)
__X_Xgate_AcCpCal                           F   (Xgate_AcCpIocSrv.cxgate.o)
__X_Xgate_AcCpCalVal                        F   (Xgate_AcCpIocSrv.cxgate.o)
__X_Xgate_AcCpCalVal                        I   (Xgate_Time.cxgate.o)
__X_Xgate_AcCpIsr                           F   (Xgate_AcCpIocSrv.cxgate.o)
__X_Xgate_AcCpIsr                           I   (Xgate_Vector.cxgate.o)
__X_Xgate_ClockIf_ReadTime                  F   (Xgate_RealTimeSrv.cxgate.o)
__X_Xgate_ClockIf_WriteTime                 F   (Xgate_RealTimeSrv.cxgate.o)
__X_Xgate_Delay                             F   (Xgate_ExtFlashSrv.cxgate.o)
__X_Xgate_ExtFlashEnableEvent               F   (Xgate_ExtFlashSrv.cxgate.o)
__X_Xgate_ExtFlashEnableEvent               I   (Xgate_Vector.cxgate.o)
__X_Xgate_ExtFlashIf_CheckPage              F   (Xgate_ExtFlashSrv.cxgate.o)
__X_Xgate_ExternFlashIf_CheckPage           F   (Xgate_ExtFlashSrv.cxgate.o)
__X_Xgate_ExternFlashIf_ReadByte            F   (Xgate_ExtFlashSrv.cxgate.o)
__X_Xgate_ExternFlashIf_ReadStatusReg       F   (Xgate_ExtFlashSrv.cxgate.o)
__X_Xgate_ExternFlashIf_WriteByte           F   (Xgate_ExtFlashSrv.cxgate.o)
__X_Xgate_ExternFlashIf_WriteCmdSmallCap    F   (Xgate_ExtFlashSrv.cxgate.o)
__X_Xgate_ExternFlashIf_WritePage           F   (Xgate_ExtFlashSrv.cxgate.o)
__X_Xgate_ExternTimer_Scl_SetOutput         F   (Xgate_RealTimeSrv.cxgate.o)
__X_Xgate_ExternTimer_Sda_SetOutput         F   (Xgate_RealTimeSrv.cxgate.o)
__X_Xgate_PTI1_ISR                          F   (Xgate_Time.cxgate.o)
__X_Xgate_PTI1_ISR                          I   (Xgate_Vector.cxgate.o)
__X_Xgate_RdRealTimeSrv                     F   (Xgate_RealTimeSrv.cxgate.o)
__X_Xgate_RdRealTimeSrv                     I   (Xgate_Time.cxgate.o)
gby_Shard_AcCpDuty                          I   (Xgate_AcCpIocSrv.cxgate.o)
gby_Shared_RealTimeRdEn                     I   (Xgate_RealTimeSrv.cxgate.o)
gwd_Shard_AcCpPeriod                        I   (Xgate_AcCpIocSrv.cxgate.o)
gwd_Shared_RealTimeRdRslt                   I   (Xgate_RealTimeSrv.cxgate.o)
